Archive member included to satisfy reference by file (symbol)

c:/program files (x86)/gnu tools arm embedded/5.4 2016q3/bin/../lib/gcc/arm-none-eabi/5.4.1/../../../../arm-none-eabi/lib/armv7e-m/softfp\libc.a(lib_a-callocr.o)
                              ./BUILD/NUCLEO_L432KC/GCC_ARM/mbed-os/platform/mbed_alloc_wrappers.o (_calloc_r)
c:/program files (x86)/gnu tools arm embedded/5.4 2016q3/bin/../lib/gcc/arm-none-eabi/5.4.1/../../../../arm-none-eabi/lib/armv7e-m/softfp\libc.a(lib_a-errno.o)
                              ./BUILD/NUCLEO_L432KC/GCC_ARM/mbed-os/platform/Stream.o (__errno)
c:/program files (x86)/gnu tools arm embedded/5.4 2016q3/bin/../lib/gcc/arm-none-eabi/5.4.1/../../../../arm-none-eabi/lib/armv7e-m/softfp\libc.a(lib_a-fclose.o)
                              ./BUILD/NUCLEO_L432KC/GCC_ARM/mbed-os/platform/Stream.o (fclose)
c:/program files (x86)/gnu tools arm embedded/5.4 2016q3/bin/../lib/gcc/arm-none-eabi/5.4.1/../../../../arm-none-eabi/lib/armv7e-m/softfp\libc.a(lib_a-fflush.o)
                              c:/program files (x86)/gnu tools arm embedded/5.4 2016q3/bin/../lib/gcc/arm-none-eabi/5.4.1/../../../../arm-none-eabi/lib/armv7e-m/softfp\libc.a(lib_a-fclose.o) (__sflush_r)
c:/program files (x86)/gnu tools arm embedded/5.4 2016q3/bin/../lib/gcc/arm-none-eabi/5.4.1/../../../../arm-none-eabi/lib/armv7e-m/softfp\libc.a(lib_a-fgetc.o)
                              ./BUILD/NUCLEO_L432KC/GCC_ARM/mbed-os/platform/mbed_retarget.o (fgetc)
c:/program files (x86)/gnu tools arm embedded/5.4 2016q3/bin/../lib/gcc/arm-none-eabi/5.4.1/../../../../arm-none-eabi/lib/armv7e-m/softfp\libc.a(lib_a-fgets.o)
                              ./BUILD/NUCLEO_L432KC/GCC_ARM/mbed-os/platform/mbed_retarget.o (fgets)
c:/program files (x86)/gnu tools arm embedded/5.4 2016q3/bin/../lib/gcc/arm-none-eabi/5.4.1/../../../../arm-none-eabi/lib/armv7e-m/softfp\libc.a(lib_a-findfp.o)
                              c:/program files (x86)/gnu tools arm embedded/5.4 2016q3/bin/../lib/gcc/arm-none-eabi/5.4.1/../../../../arm-none-eabi/lib/armv7e-m/softfp\libc.a(lib_a-fclose.o) (__sinit)
c:/program files (x86)/gnu tools arm embedded/5.4 2016q3/bin/../lib/gcc/arm-none-eabi/5.4.1/../../../../arm-none-eabi/lib/armv7e-m/softfp\libc.a(lib_a-fopen.o)
                              ./BUILD/NUCLEO_L432KC/GCC_ARM/mbed-os/platform/mbed_retarget.o (fopen)
c:/program files (x86)/gnu tools arm embedded/5.4 2016q3/bin/../lib/gcc/arm-none-eabi/5.4.1/../../../../arm-none-eabi/lib/armv7e-m/softfp\libc.a(lib_a-fputc.o)
                              ./BUILD/NUCLEO_L432KC/GCC_ARM/mbed-os/platform/Stream.o (fputc)
c:/program files (x86)/gnu tools arm embedded/5.4 2016q3/bin/../lib/gcc/arm-none-eabi/5.4.1/../../../../arm-none-eabi/lib/armv7e-m/softfp\libc.a(lib_a-fputs.o)
                              ./BUILD/NUCLEO_L432KC/GCC_ARM/mbed-os/platform/Stream.o (fputs)
c:/program files (x86)/gnu tools arm embedded/5.4 2016q3/bin/../lib/gcc/arm-none-eabi/5.4.1/../../../../arm-none-eabi/lib/armv7e-m/softfp\libc.a(lib_a-freer.o)
                              ./BUILD/NUCLEO_L432KC/GCC_ARM/mbed-os/platform/mbed_alloc_wrappers.o (_free_r)
c:/program files (x86)/gnu tools arm embedded/5.4 2016q3/bin/../lib/gcc/arm-none-eabi/5.4.1/../../../../arm-none-eabi/lib/armv7e-m/softfp\libc.a(lib_a-fseek.o)
                              c:/program files (x86)/gnu tools arm embedded/5.4 2016q3/bin/../lib/gcc/arm-none-eabi/5.4.1/../../../../arm-none-eabi/lib/armv7e-m/softfp\libc.a(lib_a-fopen.o) (_fseek_r)
c:/program files (x86)/gnu tools arm embedded/5.4 2016q3/bin/../lib/gcc/arm-none-eabi/5.4.1/../../../../arm-none-eabi/lib/armv7e-m/softfp\libc.a(lib_a-fseeko.o)
                              c:/program files (x86)/gnu tools arm embedded/5.4 2016q3/bin/../lib/gcc/arm-none-eabi/5.4.1/../../../../arm-none-eabi/lib/armv7e-m/softfp\libc.a(lib_a-fseek.o) (_fseeko_r)
c:/program files (x86)/gnu tools arm embedded/5.4 2016q3/bin/../lib/gcc/arm-none-eabi/5.4.1/../../../../arm-none-eabi/lib/armv7e-m/softfp\libc.a(lib_a-fstatr.o)
                              c:/program files (x86)/gnu tools arm embedded/5.4 2016q3/bin/../lib/gcc/arm-none-eabi/5.4.1/../../../../arm-none-eabi/lib/armv7e-m/softfp\libc.a(lib_a-fseeko.o) (_fstat_r)
c:/program files (x86)/gnu tools arm embedded/5.4 2016q3/bin/../lib/gcc/arm-none-eabi/5.4.1/../../../../arm-none-eabi/lib/armv7e-m/softfp\libc.a(lib_a-fvwrite.o)
                              c:/program files (x86)/gnu tools arm embedded/5.4 2016q3/bin/../lib/gcc/arm-none-eabi/5.4.1/../../../../arm-none-eabi/lib/armv7e-m/softfp\libc.a(lib_a-fputs.o) (__sfvwrite_r)
c:/program files (x86)/gnu tools arm embedded/5.4 2016q3/bin/../lib/gcc/arm-none-eabi/5.4.1/../../../../arm-none-eabi/lib/armv7e-m/softfp\libc.a(lib_a-fwalk.o)
                              c:/program files (x86)/gnu tools arm embedded/5.4 2016q3/bin/../lib/gcc/arm-none-eabi/5.4.1/../../../../arm-none-eabi/lib/armv7e-m/softfp\libc.a(lib_a-findfp.o) (_fwalk)
[...]
Memory Configuration

Name             Origin             Length             Attributes
FLASH            0x08000000         0x00040000         xr
SRAM1            0x20000188         0x0000fe78         xrw
*default*        0x00000000         0xffffffff

Linker script and memory map

LOAD c:/program files (x86)/gnu tools arm embedded/5.4 2016q3/bin/../lib/gcc/arm-none-eabi/5.4.1/armv7e-m/softfp/crti.o
LOAD c:/program files (x86)/gnu tools arm embedded/5.4 2016q3/bin/../lib/gcc/arm-none-eabi/5.4.1/armv7e-m/softfp/crtbegin.o
LOAD c:/program files (x86)/gnu tools arm embedded/5.4 2016q3/bin/../lib/gcc/arm-none-eabi/5.4.1/../../../../arm-none-eabi/lib/armv7e-m/softfp/crt0.o
LOAD ./BUILD/NUCLEO_L432KC/GCC_ARM/mbed-os/drivers/AnalogIn.o
LOAD ./BUILD/NUCLEO_L432KC/GCC_ARM/mbed-os/drivers/BusIn.o
LOAD ./BUILD/NUCLEO_L432KC/GCC_ARM/mbed-os/drivers/BusInOut.o
LOAD ./BUILD/NUCLEO_L432KC/GCC_ARM/mbed-os/drivers/BusOut.o
LOAD ./BUILD/NUCLEO_L432KC/GCC_ARM/mbed-os/drivers/CAN.o
LOAD ./BUILD/NUCLEO_L432KC/GCC_ARM/mbed-os/drivers/Ethernet.o
LOAD ./BUILD/NUCLEO_L432KC/GCC_ARM/mbed-os/drivers/FlashIAP.o
LOAD ./BUILD/NUCLEO_L432KC/GCC_ARM/mbed-os/drivers/I2C.o
LOAD ./BUILD/NUCLEO_L432KC/GCC_ARM/mbed-os/drivers/I2CSlave.o
LOAD ./BUILD/NUCLEO_L432KC/GCC_ARM/mbed-os/drivers/InterruptIn.o
LOAD ./BUILD/NUCLEO_L432KC/GCC_ARM/mbed-os/drivers/InterruptManager.o
LOAD ./BUILD/NUCLEO_L432KC/GCC_ARM/mbed-os/drivers/RawSerial.o
LOAD ./BUILD/NUCLEO_L432KC/GCC_ARM/mbed-os/drivers/SPI.o
LOAD ./BUILD/NUCLEO_L432KC/GCC_ARM/mbed-os/drivers/SPISlave.o
LOAD ./BUILD/NUCLEO_L432KC/GCC_ARM/mbed-os/drivers/Serial.o
LOAD ./BUILD/NUCLEO_L432KC/GCC_ARM/mbed-os/drivers/SerialBase.o
LOAD ./BUILD/NUCLEO_L432KC/GCC_ARM/mbed-os/drivers/Ticker.o
LOAD ./BUILD/NUCLEO_L432KC/GCC_ARM/mbed-os/drivers/Timeout.o
LOAD ./BUILD/NUCLEO_L432KC/GCC_ARM/mbed-os/drivers/Timer.o
LOAD ./BUILD/NUCLEO_L432KC/GCC_ARM/mbed-os/drivers/TimerEvent.o
LOAD ./BUILD/NUCLEO_L432KC/GCC_ARM/mbed-os/drivers/UARTSerial.o
LOAD ./BUILD/NUCLEO_L432KC/GCC_ARM/mbed-os/events/EventQueue.o
LOAD ./BUILD/NUCLEO_L432KC/GCC_ARM/mbed-os/events/equeue/equeue.o
LOAD ./BUILD/NUCLEO_L432KC/GCC_ARM/mbed-os/events/equeue/equeue_mbed.o
LOAD ./BUILD/NUCLEO_L432KC/GCC_ARM/mbed-os/events/equeue/equeue_posix.o
LOAD ./BUILD/NUCLEO_L432KC/GCC_ARM/mbed-os/events/mbed_shared_queues.o
LOAD ./BUILD/NUCLEO_L432KC/GCC_ARM/mbed-os/hal/mbed_flash_api.o
LOAD ./BUILD/NUCLEO_L432KC/GCC_ARM/mbed-os/hal/mbed_gpio.o
LOAD ./BUILD/NUCLEO_L432KC/GCC_ARM/mbed-os/hal/mbed_lp_ticker_api.o
LOAD ./BUILD/NUCLEO_L432KC/GCC_ARM/mbed-os/hal/mbed_pinmap_common.o
LOAD ./BUILD/NUCLEO_L432KC/GCC_ARM/mbed-os/hal/mbed_sleep_manager.o
LOAD ./BUILD/NUCLEO_L432KC/GCC_ARM/mbed-os/hal/mbed_ticker_api.o
LOAD ./BUILD/NUCLEO_L432KC/GCC_ARM/mbed-os/hal/mbed_us_ticker_api.o
LOAD ./BUILD/NUCLEO_L432KC/GCC_ARM/mbed-os/platform/ATCmdParser.o
LOAD ./BUILD/NUCLEO_L432KC/GCC_ARM/mbed-os/platform/CallChain.o
LOAD ./BUILD/NUCLEO_L432KC/GCC_ARM/mbed-os/platform/FileBase.o
LOAD ./BUILD/NUCLEO_L432KC/GCC_ARM/mbed-os/platform/FileHandle.o
LOAD ./BUILD/NUCLEO_L432KC/GCC_ARM/mbed-os/platform/FilePath.o
LOAD ./BUILD/NUCLEO_L432KC/GCC_ARM/mbed-os/platform/FileSystemHandle.o
LOAD ./BUILD/NUCLEO_L432KC/GCC_ARM/mbed-os/platform/LocalFileSystem.o
LOAD ./BUILD/NUCLEO_L432KC/GCC_ARM/mbed-os/platform/Stream.o
LOAD ./BUILD/NUCLEO_L432KC/GCC_ARM/mbed-os/platform/mbed_alloc_wrappers.o
LOAD ./BUILD/NUCLEO_L432KC/GCC_ARM/mbed-os/platform/mbed_application.o
LOAD ./BUILD/NUCLEO_L432KC/GCC_ARM/mbed-os/platform/mbed_assert.o
LOAD ./BUILD/NUCLEO_L432KC/GCC_ARM/mbed-os/platform/mbed_board.o
LOAD ./BUILD/NUCLEO_L432KC/GCC_ARM/mbed-os/platform/mbed_critical.o
LOAD ./BUILD/NUCLEO_L432KC/GCC_ARM/mbed-os/platform/mbed_error.o
LOAD ./BUILD/NUCLEO_L432KC/GCC_ARM/mbed-os/platform/mbed_interface.o
LOAD ./BUILD/NUCLEO_L432KC/GCC_ARM/mbed-os/platform/mbed_mem_trace.o
LOAD ./BUILD/NUCLEO_L432KC/GCC_ARM/mbed-os/platform/mbed_mktime.o
LOAD ./BUILD/NUCLEO_L432KC/GCC_ARM/mbed-os/platform/mbed_poll.o
LOAD ./BUILD/NUCLEO_L432KC/GCC_ARM/mbed-os/platform/mbed_retarget.o
LOAD ./BUILD/NUCLEO_L432KC/GCC_ARM/mbed-os/platform/mbed_rtc_time.o
LOAD ./BUILD/NUCLEO_L432KC/GCC_ARM/mbed-os/platform/mbed_sdk_boot.o
LOAD ./BUILD/NUCLEO_L432KC/GCC_ARM/mbed-os/platform/mbed_semihost_api.o
LOAD ./BUILD/NUCLEO_L432KC/GCC_ARM/mbed-os/platform/mbed_stats.o
LOAD ./BUILD/NUCLEO_L432KC/GCC_ARM/mbed-os/platform/mbed_wait_api_no_rtos.o
LOAD ./BUILD/NUCLEO_L432KC/GCC_ARM/mbed-os/platform/mbed_wait_api_rtos.o
LOAD ./BUILD/NUCLEO_L432KC/GCC_ARM/mbed-os/rtos/EventFlags.o
LOAD ./BUILD/NUCLEO_L432KC/GCC_ARM/mbed-os/rtos/Mutex.o
LOAD ./BUILD/NUCLEO_L432KC/GCC_ARM/mbed-os/rtos/RtosTimer.o
LOAD ./BUILD/NUCLEO_L432KC/GCC_ARM/mbed-os/rtos/Semaphore.o
LOAD ./BUILD/NUCLEO_L432KC/GCC_ARM/mbed-os/rtos/TARGET_CORTEX/mbed_boot.o
LOAD ./BUILD/NUCLEO_L432KC/GCC_ARM/mbed-os/rtos/TARGET_CORTEX/mbed_rtx_handlers.o
LOAD ./BUILD/NUCLEO_L432KC/GCC_ARM/mbed-os/rtos/TARGET_CORTEX/mbed_rtx_idle.o
LOAD ./BUILD/NUCLEO_L432KC/GCC_ARM/mbed-os/rtos/TARGET_CORTEX/rtx4/cmsis_os1.o
LOAD ./BUILD/NUCLEO_L432KC/GCC_ARM/mbed-os/rtos/TARGET_CORTEX/rtx5/RTX_Config.o
LOAD ./BUILD/NUCLEO_L432KC/GCC_ARM/mbed-os/rtos/TARGET_CORTEX/rtx5/TARGET_RTOS_M4_M7/TOOLCHAIN_GCC/irq_cm4f.o
LOAD ./BUILD/NUCLEO_L432KC/GCC_ARM/mbed-os/rtos/TARGET_CORTEX/rtx5/rt_OsEventObserver.o
LOAD ./BUILD/NUCLEO_L432KC/GCC_ARM/mbed-os/rtos/TARGET_CORTEX/rtx5/rtx_delay.o
LOAD ./BUILD/NUCLEO_L432KC/GCC_ARM/mbed-os/rtos/TARGET_CORTEX/rtx5/rtx_evflags.o
LOAD ./BUILD/NUCLEO_L432KC/GCC_ARM/mbed-os/rtos/TARGET_CORTEX/rtx5/rtx_evr.o
LOAD ./BUILD/NUCLEO_L432KC/GCC_ARM/mbed-os/rtos/TARGET_CORTEX/rtx5/rtx_kernel.o
LOAD ./BUILD/NUCLEO_L432KC/GCC_ARM/mbed-os/rtos/TARGET_CORTEX/rtx5/rtx_lib.o
LOAD ./BUILD/NUCLEO_L432KC/GCC_ARM/mbed-os/rtos/TARGET_CORTEX/rtx5/rtx_memory.o
LOAD ./BUILD/NUCLEO_L432KC/GCC_ARM/mbed-os/rtos/TARGET_CORTEX/rtx5/rtx_mempool.o
LOAD ./BUILD/NUCLEO_L432KC/GCC_ARM/mbed-os/rtos/TARGET_CORTEX/rtx5/rtx_msgqueue.o
LOAD ./BUILD/NUCLEO_L432KC/GCC_ARM/mbed-os/rtos/TARGET_CORTEX/rtx5/rtx_mutex.o
LOAD ./BUILD/NUCLEO_L432KC/GCC_ARM/mbed-os/rtos/TARGET_CORTEX/rtx5/rtx_semaphore.o
LOAD ./BUILD/NUCLEO_L432KC/GCC_ARM/mbed-os/rtos/TARGET_CORTEX/rtx5/rtx_system.o
LOAD ./BUILD/NUCLEO_L432KC/GCC_ARM/mbed-os/rtos/TARGET_CORTEX/rtx5/rtx_thread.o
LOAD ./BUILD/NUCLEO_L432KC/GCC_ARM/mbed-os/rtos/TARGET_CORTEX/rtx5/rtx_timer.o
LOAD ./BUILD/NUCLEO_L432KC/GCC_ARM/mbed-os/rtos/Thread.o
LOAD ./BUILD/NUCLEO_L432KC/GCC_ARM/mbed-os/targets/TARGET_STM/TARGET_STM32L4/TARGET_STM32L432xC/TARGET_NUCLEO_L432KC/PeripheralPins.o
LOAD ./BUILD/NUCLEO_L432KC/GCC_ARM/mbed-os/targets/TARGET_STM/TARGET_STM32L4/TARGET_STM32L432xC/TARGET_NUCLEO_L432KC/system_clock.o
LOAD ./BUILD/NUCLEO_L432KC/GCC_ARM/mbed-os/targets/TARGET_STM/TARGET_STM32L4/TARGET_STM32L432xC/device/TOOLCHAIN_GCC_ARM/startup_stm32l432xx.o
LOAD ./BUILD/NUCLEO_L432KC/GCC_ARM/mbed-os/targets/TARGET_STM/TARGET_STM32L4/analogin_api.o
LOAD ./BUILD/NUCLEO_L432KC/GCC_ARM/mbed-os/targets/TARGET_STM/TARGET_STM32L4/analogout_device.o
LOAD ./BUILD/NUCLEO_L432KC/GCC_ARM/mbed-os/targets/TARGET_STM/TARGET_STM32L4/device/stm32l4xx_hal.o
LOAD ./BUILD/NUCLEO_L432KC/GCC_ARM/mbed-os/targets/TARGET_STM/TARGET_STM32L4/device/stm32l4xx_hal_adc.o
LOAD ./BUILD/NUCLEO_L432KC/GCC_ARM/mbed-os/targets/TARGET_STM/TARGET_STM32L4/device/stm32l4xx_hal_adc_ex.o
LOAD ./BUILD/NUCLEO_L432KC/GCC_ARM/mbed-os/targets/TARGET_STM/TARGET_STM32L4/device/stm32l4xx_hal_can.o
LOAD ./BUILD/NUCLEO_L432KC/GCC_ARM/mbed-os/targets/TARGET_STM/TARGET_STM32L4/device/stm32l4xx_hal_comp.o
LOAD ./BUILD/NUCLEO_L432KC/GCC_ARM/mbed-os/targets/TARGET_STM/TARGET_STM32L4/device/stm32l4xx_hal_cortex.o
LOAD ./BUILD/NUCLEO_L432KC/GCC_ARM/mbed-os/targets/TARGET_STM/TARGET_STM32L4/device/stm32l4xx_hal_crc.o
LOAD ./BUILD/NUCLEO_L432KC/GCC_ARM/mbed-os/targets/TARGET_STM/TARGET_STM32L4/device/stm32l4xx_hal_crc_ex.o
LOAD ./BUILD/NUCLEO_L432KC/GCC_ARM/mbed-os/targets/TARGET_STM/TARGET_STM32L4/device/stm32l4xx_hal_cryp.o
LOAD ./BUILD/NUCLEO_L432KC/GCC_ARM/mbed-os/targets/TARGET_STM/TARGET_STM32L4/device/stm32l4xx_hal_cryp_ex.o
LOAD ./BUILD/NUCLEO_L432KC/GCC_ARM/mbed-os/targets/TARGET_STM/TARGET_STM32L4/device/stm32l4xx_hal_dac.o
LOAD ./BUILD/NUCLEO_L432KC/GCC_ARM/mbed-os/targets/TARGET_STM/TARGET_STM32L4/device/stm32l4xx_hal_dac_ex.o
LOAD ./BUILD/NUCLEO_L432KC/GCC_ARM/mbed-os/targets/TARGET_STM/TARGET_STM32L4/device/stm32l4xx_hal_dcmi.o
LOAD ./BUILD/NUCLEO_L432KC/GCC_ARM/mbed-os/targets/TARGET_STM/TARGET_STM32L4/device/stm32l4xx_hal_dfsdm.o
LOAD ./BUILD/NUCLEO_L432KC/GCC_ARM/mbed-os/targets/TARGET_STM/TARGET_STM32L4/device/stm32l4xx_hal_dma.o
LOAD ./BUILD/NUCLEO_L432KC/GCC_ARM/mbed-os/targets/TARGET_STM/TARGET_STM32L4/device/stm32l4xx_hal_dma2d.o
LOAD ./BUILD/NUCLEO_L432KC/GCC_ARM/mbed-os/targets/TARGET_STM/TARGET_STM32L4/device/stm32l4xx_hal_firewall.o
LOAD ./BUILD/NUCLEO_L432KC/GCC_ARM/mbed-os/targets/TARGET_STM/TARGET_STM32L4/device/stm32l4xx_hal_flash.o
LOAD ./BUILD/NUCLEO_L432KC/GCC_ARM/mbed-os/targets/TARGET_STM/TARGET_STM32L4/device/stm32l4xx_hal_flash_ex.o
LOAD ./BUILD/NUCLEO_L432KC/GCC_ARM/mbed-os/targets/TARGET_STM/TARGET_STM32L4/device/stm32l4xx_hal_flash_ramfunc.o
LOAD ./BUILD/NUCLEO_L432KC/GCC_ARM/mbed-os/targets/TARGET_STM/TARGET_STM32L4/device/stm32l4xx_hal_gpio.o
LOAD ./BUILD/NUCLEO_L432KC/GCC_ARM/mbed-os/targets/TARGET_STM/TARGET_STM32L4/device/stm32l4xx_hal_hash.o
LOAD ./BUILD/NUCLEO_L432KC/GCC_ARM/mbed-os/targets/TARGET_STM/TARGET_STM32L4/device/stm32l4xx_hal_hash_ex.o
LOAD ./BUILD/NUCLEO_L432KC/GCC_ARM/mbed-os/targets/TARGET_STM/TARGET_STM32L4/device/stm32l4xx_hal_hcd.o
LOAD ./BUILD/NUCLEO_L432KC/GCC_ARM/mbed-os/targets/TARGET_STM/TARGET_STM32L4/device/stm32l4xx_hal_i2c.o
LOAD ./BUILD/NUCLEO_L432KC/GCC_ARM/mbed-os/targets/TARGET_STM/TARGET_STM32L4/device/stm32l4xx_hal_i2c_ex.o
LOAD ./BUILD/NUCLEO_L432KC/GCC_ARM/mbed-os/targets/TARGET_STM/TARGET_STM32L4/device/stm32l4xx_hal_irda.o
LOAD ./BUILD/NUCLEO_L432KC/GCC_ARM/mbed-os/targets/TARGET_STM/TARGET_STM32L4/device/stm32l4xx_hal_iwdg.o
LOAD ./BUILD/NUCLEO_L432KC/GCC_ARM/mbed-os/targets/TARGET_STM/TARGET_STM32L4/device/stm32l4xx_hal_lcd.o
LOAD ./BUILD/NUCLEO_L432KC/GCC_ARM/mbed-os/targets/TARGET_STM/TARGET_STM32L4/device/stm32l4xx_hal_lptim.o
LOAD ./BUILD/NUCLEO_L432KC/GCC_ARM/mbed-os/targets/TARGET_STM/TARGET_STM32L4/device/stm32l4xx_hal_msp_template.o
LOAD ./BUILD/NUCLEO_L432KC/GCC_ARM/mbed-os/targets/TARGET_STM/TARGET_STM32L4/device/stm32l4xx_hal_nand.o
LOAD ./BUILD/NUCLEO_L432KC/GCC_ARM/mbed-os/targets/TARGET_STM/TARGET_STM32L4/device/stm32l4xx_hal_nor.o
LOAD ./BUILD/NUCLEO_L432KC/GCC_ARM/mbed-os/targets/TARGET_STM/TARGET_STM32L4/device/stm32l4xx_hal_opamp.o
LOAD ./BUILD/NUCLEO_L432KC/GCC_ARM/mbed-os/targets/TARGET_STM/TARGET_STM32L4/device/stm32l4xx_hal_opamp_ex.o
LOAD ./BUILD/NUCLEO_L432KC/GCC_ARM/mbed-os/targets/TARGET_STM/TARGET_STM32L4/device/stm32l4xx_hal_pcd.o
LOAD ./BUILD/NUCLEO_L432KC/GCC_ARM/mbed-os/targets/TARGET_STM/TARGET_STM32L4/device/stm32l4xx_hal_pcd_ex.o
LOAD ./BUILD/NUCLEO_L432KC/GCC_ARM/mbed-os/targets/TARGET_STM/TARGET_STM32L4/device/stm32l4xx_hal_pwr.o
LOAD ./BUILD/NUCLEO_L432KC/GCC_ARM/mbed-os/targets/TARGET_STM/TARGET_STM32L4/device/stm32l4xx_hal_pwr_ex.o
LOAD ./BUILD/NUCLEO_L432KC/GCC_ARM/mbed-os/targets/TARGET_STM/TARGET_STM32L4/device/stm32l4xx_hal_qspi.o
LOAD ./BUILD/NUCLEO_L432KC/GCC_ARM/mbed-os/targets/TARGET_STM/TARGET_STM32L4/device/stm32l4xx_hal_rcc.o
LOAD ./BUILD/NUCLEO_L432KC/GCC_ARM/mbed-os/targets/TARGET_STM/TARGET_STM32L4/device/stm32l4xx_hal_rcc_ex.o
LOAD ./BUILD/NUCLEO_L432KC/GCC_ARM/mbed-os/targets/TARGET_STM/TARGET_STM32L4/device/stm32l4xx_hal_rng.o
LOAD ./BUILD/NUCLEO_L432KC/GCC_ARM/mbed-os/targets/TARGET_STM/TARGET_STM32L4/device/stm32l4xx_hal_rtc.o
LOAD ./BUILD/NUCLEO_L432KC/GCC_ARM/mbed-os/targets/TARGET_STM/TARGET_STM32L4/device/stm32l4xx_hal_rtc_ex.o
LOAD ./BUILD/NUCLEO_L432KC/GCC_ARM/mbed-os/targets/TARGET_STM/TARGET_STM32L4/device/stm32l4xx_hal_sai.o
LOAD ./BUILD/NUCLEO_L432KC/GCC_ARM/mbed-os/targets/TARGET_STM/TARGET_STM32L4/device/stm32l4xx_hal_sd.o
LOAD ./BUILD/NUCLEO_L432KC/GCC_ARM/mbed-os/targets/TARGET_STM/TARGET_STM32L4/device/stm32l4xx_hal_smartcard.o
LOAD ./BUILD/NUCLEO_L432KC/GCC_ARM/mbed-os/targets/TARGET_STM/TARGET_STM32L4/device/stm32l4xx_hal_smartcard_ex.o
LOAD ./BUILD/NUCLEO_L432KC/GCC_ARM/mbed-os/targets/TARGET_STM/TARGET_STM32L4/device/stm32l4xx_hal_smbus.o
LOAD ./BUILD/NUCLEO_L432KC/GCC_ARM/mbed-os/targets/TARGET_STM/TARGET_STM32L4/device/stm32l4xx_hal_spi.o
LOAD ./BUILD/NUCLEO_L432KC/GCC_ARM/mbed-os/targets/TARGET_STM/TARGET_STM32L4/device/stm32l4xx_hal_spi_ex.o
LOAD ./BUILD/NUCLEO_L432KC/GCC_ARM/mbed-os/targets/TARGET_STM/TARGET_STM32L4/device/stm32l4xx_hal_sram.o
LOAD ./BUILD/NUCLEO_L432KC/GCC_ARM/mbed-os/targets/TARGET_STM/TARGET_STM32L4/device/stm32l4xx_hal_swpmi.o
LOAD ./BUILD/NUCLEO_L432KC/GCC_ARM/mbed-os/targets/TARGET_STM/TARGET_STM32L4/device/stm32l4xx_hal_tim.o
LOAD ./BUILD/NUCLEO_L432KC/GCC_ARM/mbed-os/targets/TARGET_STM/TARGET_STM32L4/device/stm32l4xx_hal_tim_ex.o
LOAD ./BUILD/NUCLEO_L432KC/GCC_ARM/mbed-os/targets/TARGET_STM/TARGET_STM32L4/device/stm32l4xx_hal_tsc.o
LOAD ./BUILD/NUCLEO_L432KC/GCC_ARM/mbed-os/targets/TARGET_STM/TARGET_STM32L4/device/stm32l4xx_hal_uart.o
LOAD ./BUILD/NUCLEO_L432KC/GCC_ARM/mbed-os/targets/TARGET_STM/TARGET_STM32L4/device/stm32l4xx_hal_uart_ex.o
LOAD ./BUILD/NUCLEO_L432KC/GCC_ARM/mbed-os/targets/TARGET_STM/TARGET_STM32L4/device/stm32l4xx_hal_usart.o
LOAD ./BUILD/NUCLEO_L432KC/GCC_ARM/mbed-os/targets/TARGET_STM/TARGET_STM32L4/device/stm32l4xx_hal_wwdg.o
LOAD ./BUILD/NUCLEO_L432KC/GCC_ARM/mbed-os/targets/TARGET_STM/TARGET_STM32L4/device/stm32l4xx_ll_adc.o
LOAD ./BUILD/NUCLEO_L432KC/GCC_ARM/mbed-os/targets/TARGET_STM/TARGET_STM32L4/device/stm32l4xx_ll_comp.o
LOAD ./BUILD/NUCLEO_L432KC/GCC_ARM/mbed-os/targets/TARGET_STM/TARGET_STM32L4/device/stm32l4xx_ll_crc.o
LOAD ./BUILD/NUCLEO_L432KC/GCC_ARM/mbed-os/targets/TARGET_STM/TARGET_STM32L4/device/stm32l4xx_ll_crs.o
LOAD ./BUILD/NUCLEO_L432KC/GCC_ARM/mbed-os/targets/TARGET_STM/TARGET_STM32L4/device/stm32l4xx_ll_dac.o
LOAD ./BUILD/NUCLEO_L432KC/GCC_ARM/mbed-os/targets/TARGET_STM/TARGET_STM32L4/device/stm32l4xx_ll_dma.o
LOAD ./BUILD/NUCLEO_L432KC/GCC_ARM/mbed-os/targets/TARGET_STM/TARGET_STM32L4/device/stm32l4xx_ll_dma2d.o
LOAD ./BUILD/NUCLEO_L432KC/GCC_ARM/mbed-os/targets/TARGET_STM/TARGET_STM32L4/device/stm32l4xx_ll_exti.o
LOAD ./BUILD/NUCLEO_L432KC/GCC_ARM/mbed-os/targets/TARGET_STM/TARGET_STM32L4/device/stm32l4xx_ll_fmc.o
LOAD ./BUILD/NUCLEO_L432KC/GCC_ARM/mbed-os/targets/TARGET_STM/TARGET_STM32L4/device/stm32l4xx_ll_gpio.o
LOAD ./BUILD/NUCLEO_L432KC/GCC_ARM/mbed-os/targets/TARGET_STM/TARGET_STM32L4/device/stm32l4xx_ll_i2c.o
LOAD ./BUILD/NUCLEO_L432KC/GCC_ARM/mbed-os/targets/TARGET_STM/TARGET_STM32L4/device/stm32l4xx_ll_lptim.o
LOAD ./BUILD/NUCLEO_L432KC/GCC_ARM/mbed-os/targets/TARGET_STM/TARGET_STM32L4/device/stm32l4xx_ll_lpuart.o
LOAD ./BUILD/NUCLEO_L432KC/GCC_ARM/mbed-os/targets/TARGET_STM/TARGET_STM32L4/device/stm32l4xx_ll_opamp.o
LOAD ./BUILD/NUCLEO_L432KC/GCC_ARM/mbed-os/targets/TARGET_STM/TARGET_STM32L4/device/stm32l4xx_ll_pwr.o
LOAD ./BUILD/NUCLEO_L432KC/GCC_ARM/mbed-os/targets/TARGET_STM/TARGET_STM32L4/device/stm32l4xx_ll_rcc.o
LOAD ./BUILD/NUCLEO_L432KC/GCC_ARM/mbed-os/targets/TARGET_STM/TARGET_STM32L4/device/stm32l4xx_ll_rng.o
LOAD ./BUILD/NUCLEO_L432KC/GCC_ARM/mbed-os/targets/TARGET_STM/TARGET_STM32L4/device/stm32l4xx_ll_rtc.o
LOAD ./BUILD/NUCLEO_L432KC/GCC_ARM/mbed-os/targets/TARGET_STM/TARGET_STM32L4/device/stm32l4xx_ll_sdmmc.o
LOAD ./BUILD/NUCLEO_L432KC/GCC_ARM/mbed-os/targets/TARGET_STM/TARGET_STM32L4/device/stm32l4xx_ll_spi.o
LOAD ./BUILD/NUCLEO_L432KC/GCC_ARM/mbed-os/targets/TARGET_STM/TARGET_STM32L4/device/stm32l4xx_ll_swpmi.o
LOAD ./BUILD/NUCLEO_L432KC/GCC_ARM/mbed-os/targets/TARGET_STM/TARGET_STM32L4/device/stm32l4xx_ll_tim.o
LOAD ./BUILD/NUCLEO_L432KC/GCC_ARM/mbed-os/targets/TARGET_STM/TARGET_STM32L4/device/stm32l4xx_ll_usart.o
LOAD ./BUILD/NUCLEO_L432KC/GCC_ARM/mbed-os/targets/TARGET_STM/TARGET_STM32L4/device/stm32l4xx_ll_usb.o
LOAD ./BUILD/NUCLEO_L432KC/GCC_ARM/mbed-os/targets/TARGET_STM/TARGET_STM32L4/device/stm32l4xx_ll_utils.o
LOAD ./BUILD/NUCLEO_L432KC/GCC_ARM/mbed-os/targets/TARGET_STM/TARGET_STM32L4/device/system_stm32l4xx.o
LOAD ./BUILD/NUCLEO_L432KC/GCC_ARM/mbed-os/targets/TARGET_STM/TARGET_STM32L4/flash_api.o
LOAD ./BUILD/NUCLEO_L432KC/GCC_ARM/mbed-os/targets/TARGET_STM/TARGET_STM32L4/gpio_irq_device.o
LOAD ./BUILD/NUCLEO_L432KC/GCC_ARM/mbed-os/targets/TARGET_STM/TARGET_STM32L4/pwmout_device.o
LOAD ./BUILD/NUCLEO_L432KC/GCC_ARM/mbed-os/targets/TARGET_STM/TARGET_STM32L4/serial_device.o
LOAD ./BUILD/NUCLEO_L432KC/GCC_ARM/mbed-os/targets/TARGET_STM/TARGET_STM32L4/spi_api.o
LOAD ./BUILD/NUCLEO_L432KC/GCC_ARM/mbed-os/targets/TARGET_STM/analogout_api.o
LOAD ./BUILD/NUCLEO_L432KC/GCC_ARM/mbed-os/targets/TARGET_STM/can_api.o
LOAD ./BUILD/NUCLEO_L432KC/GCC_ARM/mbed-os/targets/TARGET_STM/gpio_api.o
LOAD ./BUILD/NUCLEO_L432KC/GCC_ARM/mbed-os/targets/TARGET_STM/gpio_irq_api.o
LOAD ./BUILD/NUCLEO_L432KC/GCC_ARM/mbed-os/targets/TARGET_STM/hal_tick_16b.o
LOAD ./BUILD/NUCLEO_L432KC/GCC_ARM/mbed-os/targets/TARGET_STM/hal_tick_32b.o
LOAD ./BUILD/NUCLEO_L432KC/GCC_ARM/mbed-os/targets/TARGET_STM/i2c_api.o
LOAD ./BUILD/NUCLEO_L432KC/GCC_ARM/mbed-os/targets/TARGET_STM/lp_ticker.o
LOAD ./BUILD/NUCLEO_L432KC/GCC_ARM/mbed-os/targets/TARGET_STM/mbed_overrides.o
LOAD ./BUILD/NUCLEO_L432KC/GCC_ARM/mbed-os/targets/TARGET_STM/pinmap.o
LOAD ./BUILD/NUCLEO_L432KC/GCC_ARM/mbed-os/targets/TARGET_STM/port_api.o
LOAD ./BUILD/NUCLEO_L432KC/GCC_ARM/mbed-os/targets/TARGET_STM/pwmout_api.o
LOAD ./BUILD/NUCLEO_L432KC/GCC_ARM/mbed-os/targets/TARGET_STM/rtc_api.o
LOAD ./BUILD/NUCLEO_L432KC/GCC_ARM/mbed-os/targets/TARGET_STM/serial_api.o
LOAD ./BUILD/NUCLEO_L432KC/GCC_ARM/mbed-os/targets/TARGET_STM/sleep.o
LOAD ./BUILD/NUCLEO_L432KC/GCC_ARM/mbed-os/targets/TARGET_STM/stm_spi_api.o
LOAD ./BUILD/NUCLEO_L432KC/GCC_ARM/mbed-os/targets/TARGET_STM/trng_api.o
LOAD ./BUILD/NUCLEO_L432KC/GCC_ARM/mbed-os/targets/TARGET_STM/us_ticker_16b.o
LOAD ./BUILD/NUCLEO_L432KC/GCC_ARM/mbed-os/targets/TARGET_STM/us_ticker_32b.o
LOAD ./BUILD/NUCLEO_L432KC/GCC_ARM/source/DHCP_ARP.o
LOAD ./BUILD/NUCLEO_L432KC/GCC_ARM/source/Eth_IPv4.o
LOAD ./BUILD/NUCLEO_L432KC/GCC_ARM/source/HMI_telnet.o
LOAD ./BUILD/NUCLEO_L432KC/GCC_ARM/source/L1L2_radio.o
LOAD ./BUILD/NUCLEO_L432KC/GCC_ARM/source/SI4463.o
LOAD ./BUILD/NUCLEO_L432KC/GCC_ARM/source/TDMA.o
LOAD ./BUILD/NUCLEO_L432KC/GCC_ARM/source/Virt_Chan.o
LOAD ./BUILD/NUCLEO_L432KC/GCC_ARM/source/W5500.o
LOAD ./BUILD/NUCLEO_L432KC/GCC_ARM/source/config_flash.o
LOAD ./BUILD/NUCLEO_L432KC/GCC_ARM/source/ext_SRAM.o
LOAD ./BUILD/NUCLEO_L432KC/GCC_ARM/source/global_variables.o
LOAD ./BUILD/NUCLEO_L432KC/GCC_ARM/source/main.o
LOAD ./BUILD/NUCLEO_L432KC/GCC_ARM/source/signaling.o
START GROUP
LOAD c:/program files (x86)/gnu tools arm embedded/5.4 2016q3/bin/../lib/gcc/arm-none-eabi/5.4.1/../../../../arm-none-eabi/lib/armv7e-m/softfp\libstdc++.a
LOAD c:/program files (x86)/gnu tools arm embedded/5.4 2016q3/bin/../lib/gcc/arm-none-eabi/5.4.1/../../../../arm-none-eabi/lib/armv7e-m/softfp\libsupc++.a
LOAD c:/program files (x86)/gnu tools arm embedded/5.4 2016q3/bin/../lib/gcc/arm-none-eabi/5.4.1/../../../../arm-none-eabi/lib/armv7e-m/softfp\libm.a
LOAD c:/program files (x86)/gnu tools arm embedded/5.4 2016q3/bin/../lib/gcc/arm-none-eabi/5.4.1/../../../../arm-none-eabi/lib/armv7e-m/softfp\libc.a
LOAD c:/program files (x86)/gnu tools arm embedded/5.4 2016q3/bin/../lib/gcc/arm-none-eabi/5.4.1/armv7e-m/softfp\libgcc.a
LOAD c:/program files (x86)/gnu tools arm embedded/5.4 2016q3/bin/../lib/gcc/arm-none-eabi/5.4.1/../../../../arm-none-eabi/lib/armv7e-m/softfp\libnosys.a
END GROUP
LOAD c:/program files (x86)/gnu tools arm embedded/5.4 2016q3/bin/../lib/gcc/arm-none-eabi/5.4.1/../../../../arm-none-eabi/lib/armv7e-m/softfp\libstdc++.a
LOAD c:/program files (x86)/gnu tools arm embedded/5.4 2016q3/bin/../lib/gcc/arm-none-eabi/5.4.1/../../../../arm-none-eabi/lib/armv7e-m/softfp\libsupc++.a
LOAD c:/program files (x86)/gnu tools arm embedded/5.4 2016q3/bin/../lib/gcc/arm-none-eabi/5.4.1/../../../../arm-none-eabi/lib/armv7e-m/softfp\libm.a
LOAD c:/program files (x86)/gnu tools arm embedded/5.4 2016q3/bin/../lib/gcc/arm-none-eabi/5.4.1/../../../../arm-none-eabi/lib/armv7e-m/softfp\libc.a
LOAD c:/program files (x86)/gnu tools arm embedded/5.4 2016q3/bin/../lib/gcc/arm-none-eabi/5.4.1/armv7e-m/softfp\libgcc.a
LOAD c:/program files (x86)/gnu tools arm embedded/5.4 2016q3/bin/../lib/gcc/arm-none-eabi/5.4.1/../../../../arm-none-eabi/lib/armv7e-m/softfp\libnosys.a
START GROUP
LOAD c:/program files (x86)/gnu tools arm embedded/5.4 2016q3/bin/../lib/gcc/arm-none-eabi/5.4.1/armv7e-m/softfp\libgcc.a
LOAD c:/program files (x86)/gnu tools arm embedded/5.4 2016q3/bin/../lib/gcc/arm-none-eabi/5.4.1/../../../../arm-none-eabi/lib/armv7e-m/softfp\libc.a
END GROUP
LOAD c:/program files (x86)/gnu tools arm embedded/5.4 2016q3/bin/../lib/gcc/arm-none-eabi/5.4.1/armv7e-m/softfp/crtend.o
LOAD c:/program files (x86)/gnu tools arm embedded/5.4 2016q3/bin/../lib/gcc/arm-none-eabi/5.4.1/armv7e-m/softfp/crtn.o

.text           0x08000000    0x2a830
 *(.isr_vector)
 .isr_vector    0x08000000      0x18c ./BUILD/NUCLEO_L432KC/GCC_ARM/mbed-os/targets/TARGET_STM/TARGET_STM32L4/TARGET_STM32L432xC/device/TOOLCHAIN_GCC_ARM/startup_stm32l432xx.o
                0x08000000                g_pfnVectors
 *(.text*)
 .text          0x0800018c       0x5c c:/program files (x86)/gnu tools arm embedded/5.4 2016q3/bin/../lib/gcc/arm-none-eabi/5.4.1/armv7e-m/softfp/crtbegin.o
 .text          0x080001e8       0x74 c:/program files (x86)/gnu tools arm embedded/5.4 2016q3/bin/../lib/gcc/arm-none-eabi/5.4.1/../../../../arm-none-eabi/lib/armv7e-m/softfp/crt0.o
                0x080001e8                _start
                0x080001e8                _mainCRTStartup
 .text._ZN4mbed8CallbackIFvvEE13function_callIPS1_EEvPKv
                0x0800025c        0x4 ./BUILD/NUCLEO_L432KC/GCC_ARM/mbed-os/drivers/CAN.o
                0x0800025c                void mbed::Callback<void ()>::function_call<void (*)()>(void const*)
 .text._ZN4mbed8CallbackIFvvEE13function_moveIPS1_EEvPvPKv
                0x08000260        0x8 ./BUILD/NUCLEO_L432KC/GCC_ARM/mbed-os/drivers/CAN.o
                0x08000260                void mbed::Callback<void ()>::function_move<void (*)()>(void*, void const*)
 .text._ZN4mbed8CallbackIFvvEE13function_dtorIPS1_EEvPv
                0x08000268        0x2 ./BUILD/NUCLEO_L432KC/GCC_ARM/mbed-os/drivers/CAN.o
                0x08000268                void mbed::Callback<void ()>::function_dtor<void (*)()>(void*)
 .text._ZN4mbed8CallbackIFvvEED2Ev
                0x0800026a       0x10 ./BUILD/NUCLEO_L432KC/GCC_ARM/mbed-os/drivers/CAN.o
                0x0800026a                mbed::Callback<void ()>::~Callback()
                0x0800026a                mbed::Callback<void ()>::~Callback()
 .text._ZN4mbed8CallbackIFvvEEaSERKS2_
                0x0800027a       0x24 ./BUILD/NUCLEO_L432KC/GCC_ARM/mbed-os/drivers/CAN.o
                0x0800027a                mbed::Callback<void ()>::operator=(mbed::Callback<void ()> const&)
 .text._ZN4mbed8FlashIAPC2Ev
                0x0800029e        0x2 ./BUILD/NUCLEO_L432KC/GCC_ARM/mbed-os/drivers/FlashIAP.o
                0x0800029e                mbed::FlashIAP::FlashIAP()
                0x0800029e                mbed::FlashIAP::FlashIAP()
 .text._ZN4mbed8FlashIAPD2Ev
                0x080002a0        0x2 ./BUILD/NUCLEO_L432KC/GCC_ARM/mbed-os/drivers/FlashIAP.o
                0x080002a0                mbed::FlashIAP::~FlashIAP()
                0x080002a0                mbed::FlashIAP::~FlashIAP()
 .text._ZN4mbed8FlashIAP20is_aligned_to_sectorEmm
                0x080002a2       0x2c ./BUILD/NUCLEO_L432KC/GCC_ARM/mbed-os/drivers/FlashIAP.o
                0x080002a2                mbed::FlashIAP::is_aligned_to_sector(unsigned long, unsigned long)
 *fill*         0x080002ce        0x2 
 .text._ZN12SingletonPtrIN4rtos5MutexEE3getEv
                0x080002d0       0x4c ./BUILD/NUCLEO_L432KC/GCC_ARM/mbed-os/drivers/FlashIAP.o
                0x080002d0                SingletonPtr<rtos::Mutex>::get()
 .text._ZN4mbed8FlashIAP4initEv
                0x0800031c       0x34 ./BUILD/NUCLEO_L432KC/GCC_ARM/mbed-os/drivers/FlashIAP.o
                0x0800031c                mbed::FlashIAP::init()
 .text._ZN4mbed8FlashIAP6deinitEv
                0x08000350       0x34 ./BUILD/NUCLEO_L432KC/GCC_ARM/mbed-os/drivers/FlashIAP.o
                0x08000350                mbed::FlashIAP::deinit()
 .text._ZN4mbed8FlashIAP4readEPvmm
                0x08000384       0x40 ./BUILD/NUCLEO_L432KC/GCC_ARM/mbed-os/drivers/FlashIAP.o
                0x08000384                mbed::FlashIAP::read(void*, unsigned long, unsigned long)
 .text._ZN4mbed8FlashIAP7programEPKvmm
                0x080003c4       0x7c ./BUILD/NUCLEO_L432KC/GCC_ARM/mbed-os/drivers/FlashIAP.o
                0x080003c4                mbed::FlashIAP::program(void const*, unsigned long, unsigned long)
 .text._ZN4mbed8FlashIAP5eraseEmm
                0x08000440       0x64 ./BUILD/NUCLEO_L432KC/GCC_ARM/mbed-os/drivers/FlashIAP.o
                0x08000440                mbed::FlashIAP::erase(unsigned long, unsigned long)
 .text._ZN4mbed8CallbackIFviEED2Ev
                0x080004a4       0x10 ./BUILD/NUCLEO_L432KC/GCC_ARM/mbed-os/drivers/I2C.o
                0x080004a4                mbed::Callback<void (int)>::~Callback()
                0x080004a4                mbed::Callback<void (int)>::~Callback()
 .text._ZN4mbed11InterruptInC2E7PinName
                0x080004b4       0x64 ./BUILD/NUCLEO_L432KC/GCC_ARM/mbed-os/drivers/InterruptIn.o
                0x080004b4                mbed::InterruptIn::InterruptIn(PinName)
                0x080004b4                mbed::InterruptIn::InterruptIn(PinName)
 .text._ZN4mbed11InterruptIn4readEv
                0x08000518       0x10 ./BUILD/NUCLEO_L432KC/GCC_ARM/mbed-os/drivers/InterruptIn.o
                0x08000518                mbed::InterruptIn::read()
 .text._ZN4mbed11InterruptIncviEv
                0x08000528       0x10 ./BUILD/NUCLEO_L432KC/GCC_ARM/mbed-os/drivers/InterruptIn.o
                0x08000528                mbed::InterruptIn::operator int()
 .text._ZN4mbed11InterruptInD2Ev
                0x08000538       0x28 ./BUILD/NUCLEO_L432KC/GCC_ARM/mbed-os/drivers/InterruptIn.o
                0x08000538                mbed::InterruptIn::~InterruptIn()
                0x08000538                mbed::InterruptIn::~InterruptIn()
 .text._ZN4mbed11InterruptInD0Ev
                0x08000560       0x12 ./BUILD/NUCLEO_L432KC/GCC_ARM/mbed-os/drivers/InterruptIn.o
                0x08000560                mbed::InterruptIn::~InterruptIn()
 .text._ZN4mbed11InterruptIn4fallENS_8CallbackIFvvEEE
                0x08000572       0x4c ./BUILD/NUCLEO_L432KC/GCC_ARM/mbed-os/drivers/InterruptIn.o
                0x08000572                mbed::InterruptIn::fall(mbed::Callback<void ()>)
 *fill*         0x080005be        0x2 
 .text._ZNK4mbed8CallbackIFvvEE4callEv
                0x080005c0       0x28 ./BUILD/NUCLEO_L432KC/GCC_ARM/mbed-os/drivers/InterruptIn.o
                0x080005c0                mbed::Callback<void ()>::call() const
 .text._ZN4mbed11InterruptIn12_irq_handlerEm14gpio_irq_event
                0x080005e8       0x20 ./BUILD/NUCLEO_L432KC/GCC_ARM/mbed-os/drivers/InterruptIn.o
                0x080005e8                mbed::InterruptIn::_irq_handler(unsigned long, gpio_irq_event)
 .text._ZN6CThunkIN4mbed3SPIEE10trampolineEPS1_PvPMS1_FvS4_E
                0x08000608       0x2c ./BUILD/NUCLEO_L432KC/GCC_ARM/mbed-os/drivers/SPI.o
                0x08000608                CThunk<mbed::SPI>::trampoline(mbed::SPI*, void*, void (mbed::SPI::**)(void*))
 .text._ZN4mbed3SPI10transfer_2EPKviPvi
                0x08000634        0x6 ./BUILD/NUCLEO_L432KC/GCC_ARM/mbed-os/drivers/SPI.o
                0x08000634                mbed::SPI::transfer_2(void const*, int, void*, int)
 *fill*         0x0800063a        0x2 
 .text._ZN4mbed3SPI8_acquireEv
                0x0800063c       0x30 ./BUILD/NUCLEO_L432KC/GCC_ARM/mbed-os/drivers/SPI.o
                0x0800063c                mbed::SPI::_acquire()
 .text._ZN4mbed3SPI6formatEii
                0x0800066c       0x44 ./BUILD/NUCLEO_L432KC/GCC_ARM/mbed-os/drivers/SPI.o
                0x0800066c                mbed::SPI::format(int, int)
 .text._ZN4mbed3SPI9frequencyEi
                0x080006b0       0x38 ./BUILD/NUCLEO_L432KC/GCC_ARM/mbed-os/drivers/SPI.o
                0x080006b0                mbed::SPI::frequency(int)
 .text._ZN4mbed3SPI5writeEi
                0x080006e8       0x28 ./BUILD/NUCLEO_L432KC/GCC_ARM/mbed-os/drivers/SPI.o
                0x080006e8                mbed::SPI::write(int)
 .text._ZN4mbed3SPI5writeEPKciPci
                0x08000710       0x3c ./BUILD/NUCLEO_L432KC/GCC_ARM/mbed-os/drivers/SPI.o
                0x08000710                mbed::SPI::write(char const*, int, char*, int)
 .text._ZN4mbed3SPIC2E7PinNameS1_S1_S1_
                0x0800074c       0xb4 ./BUILD/NUCLEO_L432KC/GCC_ARM/mbed-os/drivers/SPI.o
                0x0800074c                mbed::SPI::SPI(PinName, PinName, PinName, PinName)
                0x0800074c                mbed::SPI::SPI(PinName, PinName, PinName, PinName)
 .text._ZN4mbed3SPID2Ev
                0x08000800       0x18 ./BUILD/NUCLEO_L432KC/GCC_ARM/mbed-os/drivers/SPI.o
                0x08000800                mbed::SPI::~SPI()
                0x08000800                mbed::SPI::~SPI()
 .text._ZN4mbed3SPID0Ev
                0x08000818       0x12 ./BUILD/NUCLEO_L432KC/GCC_ARM/mbed-os/drivers/SPI.o
                0x08000818                mbed::SPI::~SPI()
 .text._ZN4mbed14CircularBufferINS_11TransactionINS_3SPIEEELm2EmED2Ev
                0x0800082a       0x1e ./BUILD/NUCLEO_L432KC/GCC_ARM/mbed-os/drivers/SPI.o
                0x0800082a                mbed::CircularBuffer<mbed::Transaction<mbed::SPI>, 2ul, unsigned long>::~CircularBuffer()
                0x0800082a                mbed::CircularBuffer<mbed::Transaction<mbed::SPI>, 2ul, unsigned long>::~CircularBuffer()
 .text._ZN4mbed11TransactionINS_3SPIEEC2Ev
                0x08000848       0x22 ./BUILD/NUCLEO_L432KC/GCC_ARM/mbed-os/drivers/SPI.o
                0x08000848                mbed::Transaction<mbed::SPI>::Transaction()
                0x08000848                mbed::Transaction<mbed::SPI>::Transaction()
 *fill*         0x0800086a        0x2 
 .text._ZN4mbed3SPI4lockEv
                0x0800086c       0x18 ./BUILD/NUCLEO_L432KC/GCC_ARM/mbed-os/drivers/SPI.o
                0x0800086c                mbed::SPI::lock()
 .text._ZN4mbed3SPI6unlockEv
                0x08000884       0x14 ./BUILD/NUCLEO_L432KC/GCC_ARM/mbed-os/drivers/SPI.o
                0x08000884                mbed::SPI::unlock()
 .text.startup._GLOBAL__sub_I__ZN4mbed3SPI19_transaction_bufferE
                0x08000898       0x38 ./BUILD/NUCLEO_L432KC/GCC_ARM/mbed-os/drivers/SPI.o
 .text._ZN4mbed10FileHandle5lseekEli
                0x080008d0        0x6 ./BUILD/NUCLEO_L432KC/GCC_ARM/mbed-os/drivers/Serial.o
                0x080008d0                mbed::FileHandle::lseek(long, int)
 .text._ZN4mbed10FileHandle5fsyncEv
                0x080008d6        0x6 ./BUILD/NUCLEO_L432KC/GCC_ARM/mbed-os/drivers/Serial.o
                0x080008d6                mbed::FileHandle::fsync()
 .text._ZN4mbed10FileHandle4flenEv
                0x080008dc        0x6 ./BUILD/NUCLEO_L432KC/GCC_ARM/mbed-os/drivers/Serial.o
                0x080008dc                mbed::FileHandle::flen()
 .text._ZN4mbed10FileHandle12set_blockingEb
                0x080008e2        0x6 ./BUILD/NUCLEO_L432KC/GCC_ARM/mbed-os/drivers/Serial.o
                0x080008e2                mbed::FileHandle::set_blocking(bool)
 .text._ZNK4mbed10FileHandle4pollEs
                0x080008e8        0x4 ./BUILD/NUCLEO_L432KC/GCC_ARM/mbed-os/drivers/Serial.o
                0x080008e8                mbed::FileHandle::poll(short) const
 .text._ZN4mbed10FileHandle5sigioENS_8CallbackIFvvEEE
                0x080008ec        0x2 ./BUILD/NUCLEO_L432KC/GCC_ARM/mbed-os/drivers/Serial.o
                0x080008ec                mbed::FileHandle::sigio(mbed::Callback<void ()>)
 .text._ZN4mbed6Serial5_getcEv
                0x080008ee        0x4 ./BUILD/NUCLEO_L432KC/GCC_ARM/mbed-os/drivers/Serial.o
                0x080008ee                mbed::Serial::_getc()
 .text._ZThn76_N4mbed6Serial5_getcEv
                0x080008f2        0x8 ./BUILD/NUCLEO_L432KC/GCC_ARM/mbed-os/drivers/Serial.o
                0x080008f2                non-virtual thunk to mbed::Serial::_getc()
 .text._ZN4mbed6Serial5_putcEi
                0x080008fa        0x4 ./BUILD/NUCLEO_L432KC/GCC_ARM/mbed-os/drivers/Serial.o
                0x080008fa                mbed::Serial::_putc(int)
 .text._ZThn76_N4mbed6Serial5_putcEi
                0x080008fe        0x8 ./BUILD/NUCLEO_L432KC/GCC_ARM/mbed-os/drivers/Serial.o
                0x080008fe                non-virtual thunk to mbed::Serial::_putc(int)
 .text._ZN4mbed6Serial4lockEv
                0x08000906        0xa ./BUILD/NUCLEO_L432KC/GCC_ARM/mbed-os/drivers/Serial.o
                0x08000906                mbed::Serial::lock()
 .text._ZThn76_N4mbed6Serial4lockEv
                0x08000910        0x8 ./BUILD/NUCLEO_L432KC/GCC_ARM/mbed-os/drivers/Serial.o
                0x08000910                non-virtual thunk to mbed::Serial::lock()
 .text._ZN4mbed6Serial6unlockEv
                0x08000918        0x6 ./BUILD/NUCLEO_L432KC/GCC_ARM/mbed-os/drivers/Serial.o
                0x08000918                mbed::Serial::unlock()
 .text._ZThn76_N4mbed6Serial6unlockEv
                0x0800091e        0x8 ./BUILD/NUCLEO_L432KC/GCC_ARM/mbed-os/drivers/Serial.o
                0x0800091e                non-virtual thunk to mbed::Serial::unlock()
 *fill*         0x08000926        0x2 
 .text._ZN4mbed6SerialD2Ev
                0x08000928       0x40 ./BUILD/NUCLEO_L432KC/GCC_ARM/mbed-os/drivers/Serial.o
                0x08000928                mbed::Serial::~Serial()
                0x08000928                mbed::Serial::~Serial()
                0x0800095c                non-virtual thunk to mbed::Serial::~Serial()
                0x08000962                non-virtual thunk to mbed::Serial::~Serial()
 .text._ZN4mbed6SerialD0Ev
                0x08000968       0x1e ./BUILD/NUCLEO_L432KC/GCC_ARM/mbed-os/drivers/Serial.o
                0x08000968                mbed::Serial::~Serial()
                0x0800097a                non-virtual thunk to mbed::Serial::~Serial()
                0x08000980                non-virtual thunk to mbed::Serial::~Serial()
 *fill*         0x08000986        0x2 
 .text._ZN4mbed6SerialC2E7PinNameS1_PKci
                0x08000988       0x38 ./BUILD/NUCLEO_L432KC/GCC_ARM/mbed-os/drivers/Serial.o
                0x08000988                mbed::Serial::Serial(PinName, PinName, char const*, int)
                0x08000988                mbed::Serial::Serial(PinName, PinName, char const*, int)
 .text._ZN4mbed10SerialBase6unlockEv
                0x080009c0        0x2 ./BUILD/NUCLEO_L432KC/GCC_ARM/mbed-os/drivers/SerialBase.o
                0x080009c0                mbed::SerialBase::lock()
                0x080009c0                mbed::SerialBase::unlock()
 *fill*         0x080009c2        0x2 
 .text._ZN4mbed10SerialBase12_irq_handlerEm9SerialIrq
                0x080009c4       0x38 ./BUILD/NUCLEO_L432KC/GCC_ARM/mbed-os/drivers/SerialBase.o
                0x080009c4                mbed::SerialBase::_irq_handler(unsigned long, SerialIrq)
 .text._ZN4mbed10SerialBase4baudEi
                0x080009fc       0x26 ./BUILD/NUCLEO_L432KC/GCC_ARM/mbed-os/drivers/SerialBase.o
                0x080009fc                mbed::SerialBase::baud(int)
 .text._ZN4mbed10SerialBase8readableEv
                0x08000a22       0x22 ./BUILD/NUCLEO_L432KC/GCC_ARM/mbed-os/drivers/SerialBase.o
                0x08000a22                mbed::SerialBase::readable()
 .text._ZN4mbed10SerialBase10_base_getcEv
                0x08000a44        0x6 ./BUILD/NUCLEO_L432KC/GCC_ARM/mbed-os/drivers/SerialBase.o
                0x08000a44                mbed::SerialBase::_base_getc()
 .text._ZN4mbed10SerialBase10_base_putcEi
                0x08000a4a        0xe ./BUILD/NUCLEO_L432KC/GCC_ARM/mbed-os/drivers/SerialBase.o
                0x08000a4a                mbed::SerialBase::_base_putc(int)
 .text._ZN4mbed10SerialBaseC2E7PinNameS1_i
                0x08000a58       0x9c ./BUILD/NUCLEO_L432KC/GCC_ARM/mbed-os/drivers/SerialBase.o
                0x08000a58                mbed::SerialBase::SerialBase(PinName, PinName, int)
                0x08000a58                mbed::SerialBase::SerialBase(PinName, PinName, int)
 .text._ZN4mbed10SerialBase6attachENS_8CallbackIFvvEEENS0_7IrqTypeE
                0x08000af4       0x74 ./BUILD/NUCLEO_L432KC/GCC_ARM/mbed-os/drivers/SerialBase.o
                0x08000af4                mbed::SerialBase::attach(mbed::Callback<void ()>, mbed::SerialBase::IrqType)
 .text._ZN4mbed10SerialBaseD2Ev
                0x08000b68       0x60 ./BUILD/NUCLEO_L432KC/GCC_ARM/mbed-os/drivers/SerialBase.o
                0x08000b68                mbed::SerialBase::~SerialBase()
                0x08000b68                mbed::SerialBase::~SerialBase()
 .text._ZN4mbed10SerialBaseD0Ev
                0x08000bc8       0x12 ./BUILD/NUCLEO_L432KC/GCC_ARM/mbed-os/drivers/SerialBase.o
                0x08000bc8                mbed::SerialBase::~SerialBase()
 .text._ZN4mbed6Ticker7handlerEv
                0x08000bda       0x26 ./BUILD/NUCLEO_L432KC/GCC_ARM/mbed-os/drivers/Ticker.o
                0x08000bda                mbed::Ticker::handler()
 .text._ZN4mbed6Ticker5setupEy
                0x08000c00       0x30 ./BUILD/NUCLEO_L432KC/GCC_ARM/mbed-os/drivers/Ticker.o
                0x08000c00                mbed::Ticker::setup(unsigned long long)
 .text._ZN4mbed6Ticker6detachEv
                0x08000c30       0x58 ./BUILD/NUCLEO_L432KC/GCC_ARM/mbed-os/drivers/Ticker.o
                0x08000c30                mbed::Ticker::detach()
 .text._ZN4mbed6TickerD2Ev
                0x08000c88       0x24 ./BUILD/NUCLEO_L432KC/GCC_ARM/mbed-os/drivers/Ticker.o
                0x08000c88                mbed::Ticker::~Ticker()
                0x08000c88                mbed::Ticker::~Ticker()
 .text._ZN4mbed6TickerD0Ev
                0x08000cac       0x12 ./BUILD/NUCLEO_L432KC/GCC_ARM/mbed-os/drivers/Ticker.o
                0x08000cac                mbed::Ticker::~Ticker()
 *fill*         0x08000cbe        0x2 
 .text._ZN4mbed7Timeout7handlerEv
                0x08000cc0       0x2c ./BUILD/NUCLEO_L432KC/GCC_ARM/mbed-os/drivers/Timeout.o
                0x08000cc0                mbed::Timeout::handler()
 .text._ZN4mbed7TimeoutD2Ev
                0x08000cec       0x14 ./BUILD/NUCLEO_L432KC/GCC_ARM/mbed-os/drivers/Timeout.o
                0x08000cec                mbed::Timeout::~Timeout()
                0x08000cec                mbed::Timeout::~Timeout()
 .text._ZN4mbed7TimeoutD0Ev
                0x08000d00       0x12 ./BUILD/NUCLEO_L432KC/GCC_ARM/mbed-os/drivers/Timeout.o
                0x08000d00                mbed::Timeout::~Timeout()
 .text._ZN4mbed5TimerD2Ev
                0x08000d12       0x20 ./BUILD/NUCLEO_L432KC/GCC_ARM/mbed-os/drivers/Timer.o
                0x08000d12                mbed::Timer::~Timer()
                0x08000d12                mbed::Timer::~Timer()
 .text._ZN4mbed5Timer5startEv
                0x08000d32       0x2a ./BUILD/NUCLEO_L432KC/GCC_ARM/mbed-os/drivers/Timer.o
                0x08000d32                mbed::Timer::start()
 .text._ZN4mbed5Timer9slicetimeEv
                0x08000d5c       0x2c ./BUILD/NUCLEO_L432KC/GCC_ARM/mbed-os/drivers/Timer.o
                0x08000d5c                mbed::Timer::slicetime()
 .text._ZN4mbed5Timer23read_high_resolution_usEv
                0x08000d88       0x20 ./BUILD/NUCLEO_L432KC/GCC_ARM/mbed-os/drivers/Timer.o
                0x08000d88                mbed::Timer::read_high_resolution_us()
 .text._ZN4mbed5Timer7read_usEv
                0x08000da8        0x8 ./BUILD/NUCLEO_L432KC/GCC_ARM/mbed-os/drivers/Timer.o
                0x08000da8                mbed::Timer::read_us()
 .text._ZN4mbed5Timer5resetEv
                0x08000db0       0x22 ./BUILD/NUCLEO_L432KC/GCC_ARM/mbed-os/drivers/Timer.o
                0x08000db0                mbed::Timer::reset()
 .text._ZN4mbed5TimerC2Ev
                0x08000dd2       0x28 ./BUILD/NUCLEO_L432KC/GCC_ARM/mbed-os/drivers/Timer.o
                0x08000dd2                mbed::Timer::Timer()
                0x08000dd2                mbed::Timer::Timer()
 .text._ZN4mbed10TimerEvent3irqEm
                0x08000dfa        0x6 ./BUILD/NUCLEO_L432KC/GCC_ARM/mbed-os/drivers/TimerEvent.o
                0x08000dfa                mbed::TimerEvent::irq(unsigned long)
 .text._ZN4mbed10TimerEventC2Ev
                0x08000e00       0x30 ./BUILD/NUCLEO_L432KC/GCC_ARM/mbed-os/drivers/TimerEvent.o
                0x08000e00                mbed::TimerEvent::TimerEvent()
                0x08000e00                mbed::TimerEvent::TimerEvent()
 .text._ZN4mbed10TimerEvent15insert_absoluteEy
                0x08000e30       0x14 ./BUILD/NUCLEO_L432KC/GCC_ARM/mbed-os/drivers/TimerEvent.o
                0x08000e30                mbed::TimerEvent::insert_absolute(unsigned long long)
 .text._ZN4mbed10TimerEvent6removeEv
                0x08000e44        0xa ./BUILD/NUCLEO_L432KC/GCC_ARM/mbed-os/drivers/TimerEvent.o
                0x08000e44                mbed::TimerEvent::remove()
 *fill*         0x08000e4e        0x2 
 .text._ZN4mbed10TimerEventD2Ev
                0x08000e50       0x14 ./BUILD/NUCLEO_L432KC/GCC_ARM/mbed-os/drivers/TimerEvent.o
                0x08000e50                mbed::TimerEvent::~TimerEvent()
                0x08000e50                mbed::TimerEvent::~TimerEvent()
 .text._ZN4mbed10FileHandle4tellEv
                0x08000e64        0xa ./BUILD/NUCLEO_L432KC/GCC_ARM/mbed-os/drivers/UARTSerial.o
                0x08000e64                mbed::FileHandle::tell()
 .text._ZN4mbed10FileHandle6rewindEv
                0x08000e6e        0xa ./BUILD/NUCLEO_L432KC/GCC_ARM/mbed-os/drivers/UARTSerial.o
                0x08000e6e                mbed::FileHandle::rewind()
 .text.flash_read
                0x08000e78        0xe ./BUILD/NUCLEO_L432KC/GCC_ARM/mbed-os/hal/mbed_flash_api.o
                0x08000e78                flash_read
 .text._gpio_init_in
                0x08000e86       0x26 ./BUILD/NUCLEO_L432KC/GCC_ARM/mbed-os/hal/mbed_gpio.o
 .text._gpio_init_out.part.1
                0x08000eac       0x26 ./BUILD/NUCLEO_L432KC/GCC_ARM/mbed-os/hal/mbed_gpio.o
 .text.gpio_init_in
                0x08000ed2        0x6 ./BUILD/NUCLEO_L432KC/GCC_ARM/mbed-os/hal/mbed_gpio.o
                0x08000ed2                gpio_init_in
 .text.gpio_init_out_ex
                0x08000ed8       0x20 ./BUILD/NUCLEO_L432KC/GCC_ARM/mbed-os/hal/mbed_gpio.o
                0x08000ed8                gpio_init_out_ex
 .text.gpio_init_out
                0x08000ef8        0x6 ./BUILD/NUCLEO_L432KC/GCC_ARM/mbed-os/hal/mbed_gpio.o
                0x08000ef8                gpio_init_out
 *fill*         0x08000efe        0x2 
 .text.pinmap_pinout
                0x08000f00       0x3c ./BUILD/NUCLEO_L432KC/GCC_ARM/mbed-os/hal/mbed_pinmap_common.o
                0x08000f00                pinmap_pinout
 .text.pinmap_merge
                0x08000f3c       0x24 ./BUILD/NUCLEO_L432KC/GCC_ARM/mbed-os/hal/mbed_pinmap_common.o
                0x08000f3c                pinmap_merge
 .text.pinmap_find_peripheral
                0x08000f60       0x18 ./BUILD/NUCLEO_L432KC/GCC_ARM/mbed-os/hal/mbed_pinmap_common.o
                0x08000f60                pinmap_find_peripheral
 .text.pinmap_peripheral
                0x08000f78       0x20 ./BUILD/NUCLEO_L432KC/GCC_ARM/mbed-os/hal/mbed_pinmap_common.o
                0x08000f78                pinmap_peripheral
 .text.pinmap_find_function
                0x08000f98       0x18 ./BUILD/NUCLEO_L432KC/GCC_ARM/mbed-os/hal/mbed_pinmap_common.o
                0x08000f98                pinmap_find_function
 .text.pinmap_function
                0x08000fb0       0x20 ./BUILD/NUCLEO_L432KC/GCC_ARM/mbed-os/hal/mbed_pinmap_common.o
                0x08000fb0                pinmap_function
 .text.sleep_manager_lock_deep_sleep
                0x08000fd0       0x34 ./BUILD/NUCLEO_L432KC/GCC_ARM/mbed-os/hal/mbed_sleep_manager.o
                0x08000fd0                sleep_manager_lock_deep_sleep
 .text.sleep_manager_unlock_deep_sleep
                0x08001004       0x30 ./BUILD/NUCLEO_L432KC/GCC_ARM/mbed-os/hal/mbed_sleep_manager.o
                0x08001004                sleep_manager_unlock_deep_sleep
 .text.sleep_manager_sleep_auto
                0x08001034       0x24 ./BUILD/NUCLEO_L432KC/GCC_ARM/mbed-os/hal/mbed_sleep_manager.o
                0x08001034                sleep_manager_sleep_auto
 .text.update_present_time
                0x08001058       0xd4 ./BUILD/NUCLEO_L432KC/GCC_ARM/mbed-os/hal/mbed_ticker_api.o
 .text._ticker_match_interval_passed
                0x0800112c       0x28 ./BUILD/NUCLEO_L432KC/GCC_ARM/mbed-os/hal/mbed_ticker_api.o
                0x0800112c                _ticker_match_interval_passed
 .text.schedule_interrupt
                0x08001154       0xd4 ./BUILD/NUCLEO_L432KC/GCC_ARM/mbed-os/hal/mbed_ticker_api.o
 .text.initialize.part.2
                0x08001228       0xd8 ./BUILD/NUCLEO_L432KC/GCC_ARM/mbed-os/hal/mbed_ticker_api.o
 .text.ticker_set_handler
                0x08001300       0x18 ./BUILD/NUCLEO_L432KC/GCC_ARM/mbed-os/hal/mbed_ticker_api.o
                0x08001300                ticker_set_handler
 .text.ticker_irq_handler
                0x08001318       0x44 ./BUILD/NUCLEO_L432KC/GCC_ARM/mbed-os/hal/mbed_ticker_api.o
                0x08001318                ticker_irq_handler
 .text.ticker_insert_event_us
                0x0800135c       0x54 ./BUILD/NUCLEO_L432KC/GCC_ARM/mbed-os/hal/mbed_ticker_api.o
                0x0800135c                ticker_insert_event_us
 .text.ticker_remove_event
                0x080013b0       0x34 ./BUILD/NUCLEO_L432KC/GCC_ARM/mbed-os/hal/mbed_ticker_api.o
                0x080013b0                ticker_remove_event
 .text.ticker_read_us
                0x080013e4       0x1e ./BUILD/NUCLEO_L432KC/GCC_ARM/mbed-os/hal/mbed_ticker_api.o
                0x080013e4                ticker_read_us
 .text.ticker_read
                0x08001402        0x8 ./BUILD/NUCLEO_L432KC/GCC_ARM/mbed-os/hal/mbed_ticker_api.o
                0x08001402                ticker_read
 *fill*         0x0800140a        0x2 
 .text.get_us_ticker_data
                0x0800140c        0x8 ./BUILD/NUCLEO_L432KC/GCC_ARM/mbed-os/hal/mbed_us_ticker_api.o
                0x0800140c                get_us_ticker_data
 .text.us_ticker_irq_handler
                0x08001414        0xc ./BUILD/NUCLEO_L432KC/GCC_ARM/mbed-os/hal/mbed_us_ticker_api.o
                0x08001414                us_ticker_irq_handler
 .text._ZN4mbed8FileBase11getPathTypeEv
                0x08001420        0x4 ./BUILD/NUCLEO_L432KC/GCC_ARM/mbed-os/platform/FileBase.o
                0x08001420                mbed::FileBase::getPathType()
 .text._ZN4mbed8FileBaseC2EPKcNS_8PathTypeE
                0x08001424       0x48 ./BUILD/NUCLEO_L432KC/GCC_ARM/mbed-os/platform/FileBase.o
                0x08001424                mbed::FileBase::FileBase(char const*, mbed::PathType)
                0x08001424                mbed::FileBase::FileBase(char const*, mbed::PathType)
 .text._ZN4mbed8FileBaseD2Ev
                0x0800146c       0x5c ./BUILD/NUCLEO_L432KC/GCC_ARM/mbed-os/platform/FileBase.o
                0x0800146c                mbed::FileBase::~FileBase()
                0x0800146c                mbed::FileBase::~FileBase()
 .text._ZN4mbed8FileBaseD0Ev
                0x080014c8       0x12 ./BUILD/NUCLEO_L432KC/GCC_ARM/mbed-os/platform/FileBase.o
                0x080014c8                mbed::FileBase::~FileBase()
 *fill*         0x080014da        0x2 
 .text._ZN4mbed8FileBase6lookupEPKcj
                0x080014dc       0x4c ./BUILD/NUCLEO_L432KC/GCC_ARM/mbed-os/platform/FileBase.o
                0x080014dc                mbed::FileBase::lookup(char const*, unsigned int)
 .text._ZN4mbed10FileHandle4syncEv
                0x08001528        0x4 ./BUILD/NUCLEO_L432KC/GCC_ARM/mbed-os/platform/FileHandle.o
                0x08001528                mbed::FileHandle::sync()
 .text._ZN4mbed10FileHandle6isattyEv
                0x0800152c        0x4 ./BUILD/NUCLEO_L432KC/GCC_ARM/mbed-os/platform/FileHandle.o
                0x0800152c                mbed::FileHandle::isatty()
 .text._ZN4mbed10FileHandle4sizeEv
                0x08001530       0x34 ./BUILD/NUCLEO_L432KC/GCC_ARM/mbed-os/platform/FileHandle.o
                0x08001530                mbed::FileHandle::size()
 .text._ZN4mbed6fdopenEPNS_10FileHandleEPKc
                0x08001564        0x4 ./BUILD/NUCLEO_L432KC/GCC_ARM/mbed-os/platform/FileHandle.o
                0x08001564                mbed::fdopen(mbed::FileHandle*, char const*)
 .text._ZN4mbed8FilePathC2EPKc
                0x08001568       0x3c ./BUILD/NUCLEO_L432KC/GCC_ARM/mbed-os/platform/FilePath.o
                0x08001568                mbed::FilePath::FilePath(char const*)
                0x08001568                mbed::FilePath::FilePath(char const*)
 .text._ZN4mbed8FilePath8fileNameEv
                0x080015a4        0x4 ./BUILD/NUCLEO_L432KC/GCC_ARM/mbed-os/platform/FilePath.o
                0x080015a4                mbed::FilePath::fileName()
 .text._ZN4mbed8FilePath12isFileSystemEv
                0x080015a8       0x12 ./BUILD/NUCLEO_L432KC/GCC_ARM/mbed-os/platform/FilePath.o
                0x080015a8                mbed::FilePath::isFileSystem()
 .text._ZN4mbed8FilePath10fileSystemEv
                0x080015ba       0x12 ./BUILD/NUCLEO_L432KC/GCC_ARM/mbed-os/platform/FilePath.o
                0x080015ba                mbed::FilePath::fileSystem()
 .text._ZN4mbed8FilePath6isFileEv
                0x080015cc       0x12 ./BUILD/NUCLEO_L432KC/GCC_ARM/mbed-os/platform/FilePath.o
                0x080015cc                mbed::FilePath::isFile()
 .text._ZN4mbed8FilePath4fileEv
                0x080015de       0x12 ./BUILD/NUCLEO_L432KC/GCC_ARM/mbed-os/platform/FilePath.o
                0x080015de                mbed::FilePath::file()
 .text._ZN4mbed8FilePath6existsEv
                0x080015f0        0xa ./BUILD/NUCLEO_L432KC/GCC_ARM/mbed-os/platform/FilePath.o
                0x080015f0                mbed::FilePath::exists()
 .text._ZN4mbed6Stream4lockEv
                0x080015fa        0x2 ./BUILD/NUCLEO_L432KC/GCC_ARM/mbed-os/platform/Stream.o
                0x080015fa                mbed::Stream::lock()
 .text._ZN4mbed6Stream6unlockEv
                0x080015fc        0x2 ./BUILD/NUCLEO_L432KC/GCC_ARM/mbed-os/platform/Stream.o
                0x080015fc                mbed::Stream::unlock()
 .text._ZN4mbed6Stream5writeEPKvj
                0x080015fe       0x32 ./BUILD/NUCLEO_L432KC/GCC_ARM/mbed-os/platform/Stream.o
                0x080015fe                mbed::Stream::write(void const*, unsigned int)
 .text._ZN4mbed6Stream4readEPvj
                0x08001630       0x32 ./BUILD/NUCLEO_L432KC/GCC_ARM/mbed-os/platform/Stream.o
                0x08001630                mbed::Stream::read(void*, unsigned int)
 .text._ZN4mbed6Stream4seekEli
                0x08001662        0x4 ./BUILD/NUCLEO_L432KC/GCC_ARM/mbed-os/platform/Stream.o
                0x08001662                mbed::Stream::seek(long, int)
 .text._ZN4mbed6Stream6rewindEv
                0x08001666        0x2 ./BUILD/NUCLEO_L432KC/GCC_ARM/mbed-os/platform/Stream.o
                0x08001666                mbed::Stream::rewind()
 .text._ZN4mbed6Stream4syncEv
                0x08001668        0x4 ./BUILD/NUCLEO_L432KC/GCC_ARM/mbed-os/platform/Stream.o
                0x08001668                mbed::Stream::isatty()
                0x08001668                mbed::Stream::sync()
                0x08001668                mbed::Stream::close()
 .text._ZN4mbed6Stream4sizeEv
                0x0800166c        0x4 ./BUILD/NUCLEO_L432KC/GCC_ARM/mbed-os/platform/Stream.o
                0x0800166c                mbed::Stream::tell()
                0x0800166c                mbed::Stream::size()
 .text._ZN4mbed8FileLikeD2Ev
                0x08001670       0x24 ./BUILD/NUCLEO_L432KC/GCC_ARM/mbed-os/platform/Stream.o
                0x08001670                mbed::FileLike::~FileLike()
                0x08001670                mbed::FileLike::~FileLike()
                0x0800168c                non-virtual thunk to mbed::FileLike::~FileLike()
 .text._ZN4mbed8FileLikeD0Ev
                0x08001694       0x18 ./BUILD/NUCLEO_L432KC/GCC_ARM/mbed-os/platform/Stream.o
                0x08001694                mbed::FileLike::~FileLike()
                0x080016a6                non-virtual thunk to mbed::FileLike::~FileLike()
 .text._ZN4mbed6StreamC2EPKc
                0x080016ac       0x50 ./BUILD/NUCLEO_L432KC/GCC_ARM/mbed-os/platform/Stream.o
                0x080016ac                mbed::Stream::Stream(char const*)
                0x080016ac                mbed::Stream::Stream(char const*)
 .text._ZN4mbed6StreamD2Ev
                0x080016fc       0x24 ./BUILD/NUCLEO_L432KC/GCC_ARM/mbed-os/platform/Stream.o
                0x080016fc                mbed::Stream::~Stream()
                0x080016fc                mbed::Stream::~Stream()
 .text._ZN4mbed6Stream6printfEPKcz
                0x08001720       0x3a ./BUILD/NUCLEO_L432KC/GCC_ARM/mbed-os/platform/Stream.o
                0x08001720                mbed::Stream::printf(char const*, ...)
 .text.__wrap__malloc_r
                0x0800175a        0x4 ./BUILD/NUCLEO_L432KC/GCC_ARM/mbed-os/platform/mbed_alloc_wrappers.o
                0x0800175a                __wrap__malloc_r
 .text.__wrap__realloc_r
                0x0800175e        0x4 ./BUILD/NUCLEO_L432KC/GCC_ARM/mbed-os/platform/mbed_alloc_wrappers.o
                0x0800175e                __wrap__realloc_r
 .text.__wrap__free_r
                0x08001762        0x4 ./BUILD/NUCLEO_L432KC/GCC_ARM/mbed-os/platform/mbed_alloc_wrappers.o
                0x08001762                __wrap__free_r
 .text.__wrap__calloc_r
                0x08001766        0x4 ./BUILD/NUCLEO_L432KC/GCC_ARM/mbed-os/platform/mbed_alloc_wrappers.o
                0x08001766                __wrap__calloc_r
 *fill*         0x0800176a        0x2 
 .text.mbed_assert_internal
                0x0800176c       0x24 ./BUILD/NUCLEO_L432KC/GCC_ARM/mbed-os/platform/mbed_assert.o
                0x0800176c                mbed_assert_internal
 .text.mbed_die
                0x08001790       0x52 ./BUILD/NUCLEO_L432KC/GCC_ARM/mbed-os/platform/mbed_board.o
                0x08001790                mbed_die
 *fill*         0x080017e2        0x2 
 .text.mbed_error_vfprintf
                0x080017e4       0x50 ./BUILD/NUCLEO_L432KC/GCC_ARM/mbed-os/platform/mbed_board.o
                0x080017e4                mbed_error_vfprintf
 .text.mbed_error_printf
                0x08001834       0x1a ./BUILD/NUCLEO_L432KC/GCC_ARM/mbed-os/platform/mbed_board.o
                0x08001834                mbed_error_printf
 .text.core_util_are_interrupts_enabled
                0x0800184e        0xe ./BUILD/NUCLEO_L432KC/GCC_ARM/mbed-os/platform/mbed_critical.o
                0x0800184e                core_util_are_interrupts_enabled
 .text.core_util_critical_section_enter
                0x0800185c       0x58 ./BUILD/NUCLEO_L432KC/GCC_ARM/mbed-os/platform/mbed_critical.o
                0x0800185c                core_util_critical_section_enter
 .text.core_util_critical_section_exit
                0x080018b4       0x3c ./BUILD/NUCLEO_L432KC/GCC_ARM/mbed-os/platform/mbed_critical.o
                0x080018b4                core_util_critical_section_exit
 .text.core_util_atomic_incr_u16
                0x080018f0       0x1a ./BUILD/NUCLEO_L432KC/GCC_ARM/mbed-os/platform/mbed_critical.o
                0x080018f0                core_util_atomic_incr_u16
 .text.core_util_atomic_decr_u16
                0x0800190a       0x1a ./BUILD/NUCLEO_L432KC/GCC_ARM/mbed-os/platform/mbed_critical.o
                0x0800190a                core_util_atomic_decr_u16
 .text.error    0x08001924       0x2c ./BUILD/NUCLEO_L432KC/GCC_ARM/mbed-os/platform/mbed_error.o
                0x08001924                error
 .text._ZL11init_serialv
                0x08001950       0x2c ./BUILD/NUCLEO_L432KC/GCC_ARM/mbed-os/platform/mbed_retarget.o
 .text._close   0x0800197c       0x40 ./BUILD/NUCLEO_L432KC/GCC_ARM/mbed-os/platform/mbed_retarget.o
                0x0800197c                _close
 .text._write   0x080019bc       0x60 ./BUILD/NUCLEO_L432KC/GCC_ARM/mbed-os/platform/mbed_retarget.o
                0x080019bc                _write
 .text._read    0x08001a1c       0x58 ./BUILD/NUCLEO_L432KC/GCC_ARM/mbed-os/platform/mbed_retarget.o
                0x08001a1c                _read
 .text._isatty  0x08001a74       0x40 ./BUILD/NUCLEO_L432KC/GCC_ARM/mbed-os/platform/mbed_retarget.o
                0x08001a74                _isatty
 .text._lseek   0x08001ab4       0x44 ./BUILD/NUCLEO_L432KC/GCC_ARM/mbed-os/platform/mbed_retarget.o
                0x08001ab4                _lseek
 .text._fstat   0x08001af8       0x50 ./BUILD/NUCLEO_L432KC/GCC_ARM/mbed-os/platform/mbed_retarget.o
                0x08001af8                _fstat
 .text.__cxa_pure_virtual
                0x08001b48        0x8 ./BUILD/NUCLEO_L432KC/GCC_ARM/mbed-os/platform/mbed_retarget.o
                0x08001b48                __cxa_pure_virtual
 .text._sbrk    0x08001b50       0x44 ./BUILD/NUCLEO_L432KC/GCC_ARM/mbed-os/platform/mbed_retarget.o
                0x08001b50                _sbrk
 .text._exit    0x08001b94       0x24 ./BUILD/NUCLEO_L432KC/GCC_ARM/mbed-os/platform/mbed_retarget.o
                0x08001b94                _exit
 .text.__aeabi_atexit
                0x08001bb8        0x4 ./BUILD/NUCLEO_L432KC/GCC_ARM/mbed-os/platform/mbed_retarget.o
                0x08001bb8                __aeabi_atexit
 .text.__wrap_exit
                0x08001bbc        0x6 ./BUILD/NUCLEO_L432KC/GCC_ARM/mbed-os/platform/mbed_retarget.o
                0x08001bbc                __wrap_exit
 .text.__wrap_atexit
                0x08001bc2        0x4 ./BUILD/NUCLEO_L432KC/GCC_ARM/mbed-os/platform/mbed_retarget.o
                0x08001bc2                __wrap_atexit
 .text._ZN4mbed26mbed_set_unbuffered_streamEP7__sFILE
                0x08001bc6        0x6 ./BUILD/NUCLEO_L432KC/GCC_ARM/mbed-os/platform/mbed_retarget.o
                0x08001bc6                mbed::mbed_set_unbuffered_stream(__sFILE*)
 .text._ZN4mbed11mbed_fdopenEPNS_10FileHandleEPKc
                0x08001bcc       0x3c ./BUILD/NUCLEO_L432KC/GCC_ARM/mbed-os/platform/mbed_retarget.o
                0x08001bcc                mbed::mbed_fdopen(mbed::FileHandle*, char const*)
 .text.__malloc_lock
                0x08001c08        0x8 ./BUILD/NUCLEO_L432KC/GCC_ARM/mbed-os/platform/mbed_retarget.o
                0x08001c08                __malloc_lock
 .text.__malloc_unlock
                0x08001c10        0x8 ./BUILD/NUCLEO_L432KC/GCC_ARM/mbed-os/platform/mbed_retarget.o
                0x08001c10                __malloc_unlock
 .text._ZdaPv   0x08001c18        0x8 ./BUILD/NUCLEO_L432KC/GCC_ARM/mbed-os/platform/mbed_retarget.o
                0x08001c18                operator delete[](void*)
 .text._ZdlPv   0x08001c20        0x4 ./BUILD/NUCLEO_L432KC/GCC_ARM/mbed-os/platform/mbed_retarget.o
                0x08001c20                operator delete(void*)
 .text.us_ticker_get_info
                0x08001c24        0x8 ./BUILD/NUCLEO_L432KC/GCC_ARM/mbed-os/platform/mbed_retarget.o
                0x08001c24                us_ticker_get_info
 .text._ZN4mbed17remove_filehandleEPNS_10FileHandleE
                0x08001c2c       0x40 ./BUILD/NUCLEO_L432KC/GCC_ARM/mbed-os/platform/mbed_retarget.o
                0x08001c2c                mbed::remove_filehandle(mbed::FileHandle*)
 .text._open    0x08001c6c      0x12c ./BUILD/NUCLEO_L432KC/GCC_ARM/mbed-os/platform/mbed_retarget.o
                0x08001c6c                _open
 .text.wait_us  0x08001d98       0x40 ./BUILD/NUCLEO_L432KC/GCC_ARM/mbed-os/platform/mbed_wait_api_rtos.o
                0x08001d98                wait_us
 .text.wait_ms  0x08001dd8        0xa ./BUILD/NUCLEO_L432KC/GCC_ARM/mbed-os/platform/mbed_wait_api_rtos.o
                0x08001dd8                wait_ms
 *fill*         0x08001de2        0x2 
 .text._ZN4rtos5Mutex11constructorEPKc
                0x08001de4       0x5c ./BUILD/NUCLEO_L432KC/GCC_ARM/mbed-os/rtos/Mutex.o
                0x08001de4                rtos::Mutex::constructor(char const*)
 .text._ZN4rtos5MutexC2Ev
                0x08001e40        0xe ./BUILD/NUCLEO_L432KC/GCC_ARM/mbed-os/rtos/Mutex.o
                0x08001e40                rtos::Mutex::Mutex()
                0x08001e40                rtos::Mutex::Mutex()
 .text._ZN4rtos5Mutex4lockEm
                0x08001e4e        0x6 ./BUILD/NUCLEO_L432KC/GCC_ARM/mbed-os/rtos/Mutex.o
                0x08001e4e                rtos::Mutex::lock(unsigned long)
 .text._ZN4rtos5Mutex6unlockEv
                0x08001e54        0x6 ./BUILD/NUCLEO_L432KC/GCC_ARM/mbed-os/rtos/Mutex.o
                0x08001e54                rtos::Mutex::unlock()
 .text._ZN4rtos5MutexD2Ev
                0x08001e5a        0xe ./BUILD/NUCLEO_L432KC/GCC_ARM/mbed-os/rtos/Mutex.o
                0x08001e5a                rtos::Mutex::~Mutex()
                0x08001e5a                rtos::Mutex::~Mutex()
 .text.pre_main
                0x08001e68       0x88 ./BUILD/NUCLEO_L432KC/GCC_ARM/mbed-os/rtos/TARGET_CORTEX/mbed_boot.o
                0x08001e68                pre_main
 .text.mbed_set_stack_heap
                0x08001ef0       0x40 ./BUILD/NUCLEO_L432KC/GCC_ARM/mbed-os/rtos/TARGET_CORTEX/mbed_boot.o
                0x08001ef0                mbed_set_stack_heap
 .text.mbed_main
                0x08001f30        0x2 ./BUILD/NUCLEO_L432KC/GCC_ARM/mbed-os/rtos/TARGET_CORTEX/mbed_boot.o
                0x08001f30                mbed_main
 *fill*         0x08001f32        0x2 
 .text.mbed_start_main
                0x08001f34       0x50 ./BUILD/NUCLEO_L432KC/GCC_ARM/mbed-os/rtos/TARGET_CORTEX/mbed_boot.o
                0x08001f34                mbed_start_main
 .text.__wrap_main
                0x08001f84        0xe ./BUILD/NUCLEO_L432KC/GCC_ARM/mbed-os/rtos/TARGET_CORTEX/mbed_boot.o
                0x08001f84                __wrap_main
 *fill*         0x08001f92        0x2 
 .text.software_init_hook
                0x08001f94       0x40 ./BUILD/NUCLEO_L432KC/GCC_ARM/mbed-os/rtos/TARGET_CORTEX/mbed_boot.o
                0x08001f94                software_init_hook
 .text.__rtos_malloc_lock
                0x08001fd4       0x10 ./BUILD/NUCLEO_L432KC/GCC_ARM/mbed-os/rtos/TARGET_CORTEX/mbed_boot.o
                0x08001fd4                __rtos_malloc_lock
 .text.__rtos_malloc_unlock
                0x08001fe4        0xc ./BUILD/NUCLEO_L432KC/GCC_ARM/mbed-os/rtos/TARGET_CORTEX/mbed_boot.o
                0x08001fe4                __rtos_malloc_unlock
 .text.osRtxIdleThread
                0x08001ff0        0x8 ./BUILD/NUCLEO_L432KC/GCC_ARM/mbed-os/rtos/TARGET_CORTEX/mbed_rtx_handlers.o
                0x08001ff0                osRtxIdleThread
 .text.osRtxErrorNotify
                0x08001ff8       0x80 ./BUILD/NUCLEO_L432KC/GCC_ARM/mbed-os/rtos/TARGET_CORTEX/mbed_rtx_handlers.o
                0x08001ff8                osRtxErrorNotify
 .text.EvrRtxThreadExit
                0x08002078        0xe ./BUILD/NUCLEO_L432KC/GCC_ARM/mbed-os/rtos/TARGET_CORTEX/mbed_rtx_handlers.o
                0x08002078                EvrRtxThreadExit
 .text._ZL17default_idle_hookv
                0x08002086       0x1a ./BUILD/NUCLEO_L432KC/GCC_ARM/mbed-os/rtos/TARGET_CORTEX/mbed_rtx_idle.o
 .text.rtos_idle_loop
                0x080020a0       0x10 ./BUILD/NUCLEO_L432KC/GCC_ARM/mbed-os/rtos/TARGET_CORTEX/mbed_rtx_idle.o
                0x080020a0                rtos_idle_loop
 .text          0x080020b0       0xc4 ./BUILD/NUCLEO_L432KC/GCC_ARM/mbed-os/rtos/TARGET_CORTEX/rtx5/TARGET_RTOS_M4_M7/TOOLCHAIN_GCC/irq_cm4f.o
                0x080020b0                SVC_Handler
                0x08002146                PendSV_Handler
                0x08002156                SysTick_Handler
 .text.svcRtxDelay
                0x08002174       0x10 ./BUILD/NUCLEO_L432KC/GCC_ARM/mbed-os/rtos/TARGET_CORTEX/rtx5/rtx_delay.o
                0x08002174                svcRtxDelay
 .text.osDelay  0x08002184       0x38 ./BUILD/NUCLEO_L432KC/GCC_ARM/mbed-os/rtos/TARGET_CORTEX/rtx5/rtx_delay.o
                0x08002184                osDelay
 .text.EvrRtxMemoryInit
                0x080021bc        0x2 ./BUILD/NUCLEO_L432KC/GCC_ARM/mbed-os/rtos/TARGET_CORTEX/rtx5/rtx_evr.o
                0x080021bc                EvrRtxMemoryInit
 .text.EvrRtxMemoryAlloc
                0x080021be        0x2 ./BUILD/NUCLEO_L432KC/GCC_ARM/mbed-os/rtos/TARGET_CORTEX/rtx5/rtx_evr.o
                0x080021be                EvrRtxMemoryAlloc
 .text.EvrRtxMemoryFree
                0x080021c0        0x2 ./BUILD/NUCLEO_L432KC/GCC_ARM/mbed-os/rtos/TARGET_CORTEX/rtx5/rtx_evr.o
                0x080021c0                EvrRtxMemoryFree
 .text.EvrRtxMemoryBlockInit
                0x080021c2        0x2 ./BUILD/NUCLEO_L432KC/GCC_ARM/mbed-os/rtos/TARGET_CORTEX/rtx5/rtx_evr.o
                0x080021c2                EvrRtxMemoryBlockInit
 .text.EvrRtxMemoryBlockAlloc
                0x080021c4        0x2 ./BUILD/NUCLEO_L432KC/GCC_ARM/mbed-os/rtos/TARGET_CORTEX/rtx5/rtx_evr.o
                0x080021c4                EvrRtxMemoryBlockAlloc
 .text.EvrRtxMemoryBlockFree
                0x080021c6        0x2 ./BUILD/NUCLEO_L432KC/GCC_ARM/mbed-os/rtos/TARGET_CORTEX/rtx5/rtx_evr.o
                0x080021c6                EvrRtxMemoryBlockFree
 .text.EvrRtxKernelError
                0x080021c8        0x2 ./BUILD/NUCLEO_L432KC/GCC_ARM/mbed-os/rtos/TARGET_CORTEX/rtx5/rtx_evr.o
                0x080021c8                EvrRtxKernelError
 .text.EvrRtxKernelInitialize
                0x080021ca        0x2 ./BUILD/NUCLEO_L432KC/GCC_ARM/mbed-os/rtos/TARGET_CORTEX/rtx5/rtx_evr.o
                0x080021ca                EvrRtxKernelInitialize
 .text.EvrRtxKernelInitializeCompleted
                0x080021cc        0x2 ./BUILD/NUCLEO_L432KC/GCC_ARM/mbed-os/rtos/TARGET_CORTEX/rtx5/rtx_evr.o
                0x080021cc                EvrRtxKernelInitializeCompleted
 .text.EvrRtxKernelGetState
                0x080021ce        0x2 ./BUILD/NUCLEO_L432KC/GCC_ARM/mbed-os/rtos/TARGET_CORTEX/rtx5/rtx_evr.o
                0x080021ce                EvrRtxKernelGetState
 .text.EvrRtxKernelStart
                0x080021d0        0x2 ./BUILD/NUCLEO_L432KC/GCC_ARM/mbed-os/rtos/TARGET_CORTEX/rtx5/rtx_evr.o
                0x080021d0                EvrRtxKernelStart
 .text.EvrRtxKernelStarted
                0x080021d2        0x2 ./BUILD/NUCLEO_L432KC/GCC_ARM/mbed-os/rtos/TARGET_CORTEX/rtx5/rtx_evr.o
                0x080021d2                EvrRtxKernelStarted
 .text.EvrRtxThreadError
                0x080021d4        0x2 ./BUILD/NUCLEO_L432KC/GCC_ARM/mbed-os/rtos/TARGET_CORTEX/rtx5/rtx_evr.o
                0x080021d4                EvrRtxThreadError
 .text.EvrRtxThreadNew
                0x080021d6        0x2 ./BUILD/NUCLEO_L432KC/GCC_ARM/mbed-os/rtos/TARGET_CORTEX/rtx5/rtx_evr.o
                0x080021d6                EvrRtxThreadNew
 .text.EvrRtxThreadCreated
                0x080021d8        0x2 ./BUILD/NUCLEO_L432KC/GCC_ARM/mbed-os/rtos/TARGET_CORTEX/rtx5/rtx_evr.o
                0x080021d8                EvrRtxThreadCreated
 .text.EvrRtxThreadGetName
                0x080021da        0x2 ./BUILD/NUCLEO_L432KC/GCC_ARM/mbed-os/rtos/TARGET_CORTEX/rtx5/rtx_evr.o
                0x080021da                EvrRtxThreadGetName
 .text.EvrRtxThreadGetId
                0x080021dc        0x2 ./BUILD/NUCLEO_L432KC/GCC_ARM/mbed-os/rtos/TARGET_CORTEX/rtx5/rtx_evr.o
                0x080021dc                EvrRtxThreadGetId
 .text.EvrRtxThreadJoined
                0x080021de        0x2 ./BUILD/NUCLEO_L432KC/GCC_ARM/mbed-os/rtos/TARGET_CORTEX/rtx5/rtx_evr.o
                0x080021de                EvrRtxThreadJoined
 .text.EvrRtxThreadBlocked
                0x080021e0        0x2 ./BUILD/NUCLEO_L432KC/GCC_ARM/mbed-os/rtos/TARGET_CORTEX/rtx5/rtx_evr.o
                0x080021e0                EvrRtxThreadBlocked
 .text.EvrRtxThreadUnblocked
                0x080021e2        0x2 ./BUILD/NUCLEO_L432KC/GCC_ARM/mbed-os/rtos/TARGET_CORTEX/rtx5/rtx_evr.o
                0x080021e2                EvrRtxThreadUnblocked
 .text.EvrRtxThreadSwitch
                0x080021e4        0x2 ./BUILD/NUCLEO_L432KC/GCC_ARM/mbed-os/rtos/TARGET_CORTEX/rtx5/rtx_evr.o
                0x080021e4                EvrRtxThreadSwitch
 .text.EvrRtxThreadDestroyed
                0x080021e6        0x2 ./BUILD/NUCLEO_L432KC/GCC_ARM/mbed-os/rtos/TARGET_CORTEX/rtx5/rtx_evr.o
                0x080021e6                EvrRtxThreadDestroyed
 .text.EvrRtxThreadFlagsWaitTimeout
                0x080021e8        0x2 ./BUILD/NUCLEO_L432KC/GCC_ARM/mbed-os/rtos/TARGET_CORTEX/rtx5/rtx_evr.o
                0x080021e8                EvrRtxThreadFlagsWaitTimeout
 .text.EvrRtxThreadFlagsWaitCompleted
                0x080021ea        0x2 ./BUILD/NUCLEO_L432KC/GCC_ARM/mbed-os/rtos/TARGET_CORTEX/rtx5/rtx_evr.o
                0x080021ea                EvrRtxThreadFlagsWaitCompleted
 .text.EvrRtxThreadDelay
                0x080021ec        0x2 ./BUILD/NUCLEO_L432KC/GCC_ARM/mbed-os/rtos/TARGET_CORTEX/rtx5/rtx_evr.o
                0x080021ec                EvrRtxThreadDelay
 .text.EvrRtxThreadDelayCompleted
                0x080021ee        0x2 ./BUILD/NUCLEO_L432KC/GCC_ARM/mbed-os/rtos/TARGET_CORTEX/rtx5/rtx_evr.o
                0x080021ee                EvrRtxThreadDelayCompleted
 .text.EvrRtxTimerCallback
                0x080021f0        0x2 ./BUILD/NUCLEO_L432KC/GCC_ARM/mbed-os/rtos/TARGET_CORTEX/rtx5/rtx_evr.o
                0x080021f0                EvrRtxTimerCallback
 .text.EvrRtxEventFlagsWaitTimeout
                0x080021f2        0x2 ./BUILD/NUCLEO_L432KC/GCC_ARM/mbed-os/rtos/TARGET_CORTEX/rtx5/rtx_evr.o
                0x080021f2                EvrRtxEventFlagsWaitTimeout
 .text.EvrRtxMutexError
                0x080021f4        0x2 ./BUILD/NUCLEO_L432KC/GCC_ARM/mbed-os/rtos/TARGET_CORTEX/rtx5/rtx_evr.o
                0x080021f4                EvrRtxMutexError
 .text.EvrRtxMutexNew
                0x080021f6        0x2 ./BUILD/NUCLEO_L432KC/GCC_ARM/mbed-os/rtos/TARGET_CORTEX/rtx5/rtx_evr.o
                0x080021f6                EvrRtxMutexNew
 .text.EvrRtxMutexCreated
                0x080021f8        0x2 ./BUILD/NUCLEO_L432KC/GCC_ARM/mbed-os/rtos/TARGET_CORTEX/rtx5/rtx_evr.o
                0x080021f8                EvrRtxMutexCreated
 .text.EvrRtxMutexAcquire
                0x080021fa        0x2 ./BUILD/NUCLEO_L432KC/GCC_ARM/mbed-os/rtos/TARGET_CORTEX/rtx5/rtx_evr.o
                0x080021fa                EvrRtxMutexAcquire
 .text.EvrRtxMutexAcquirePending
                0x080021fc        0x2 ./BUILD/NUCLEO_L432KC/GCC_ARM/mbed-os/rtos/TARGET_CORTEX/rtx5/rtx_evr.o
                0x080021fc                EvrRtxMutexAcquirePending
 .text.EvrRtxMutexAcquireTimeout
                0x080021fe        0x2 ./BUILD/NUCLEO_L432KC/GCC_ARM/mbed-os/rtos/TARGET_CORTEX/rtx5/rtx_evr.o
                0x080021fe                EvrRtxMutexAcquireTimeout
 .text.EvrRtxMutexAcquired
                0x08002200        0x2 ./BUILD/NUCLEO_L432KC/GCC_ARM/mbed-os/rtos/TARGET_CORTEX/rtx5/rtx_evr.o
                0x08002200                EvrRtxMutexAcquired
 .text.EvrRtxMutexNotAcquired
                0x08002202        0x2 ./BUILD/NUCLEO_L432KC/GCC_ARM/mbed-os/rtos/TARGET_CORTEX/rtx5/rtx_evr.o
                0x08002202                EvrRtxMutexNotAcquired
 .text.EvrRtxMutexRelease
                0x08002204        0x2 ./BUILD/NUCLEO_L432KC/GCC_ARM/mbed-os/rtos/TARGET_CORTEX/rtx5/rtx_evr.o
                0x08002204                EvrRtxMutexRelease
 .text.EvrRtxMutexReleased
                0x08002206        0x2 ./BUILD/NUCLEO_L432KC/GCC_ARM/mbed-os/rtos/TARGET_CORTEX/rtx5/rtx_evr.o
                0x08002206                EvrRtxMutexReleased
 .text.EvrRtxMutexDelete
                0x08002208        0x2 ./BUILD/NUCLEO_L432KC/GCC_ARM/mbed-os/rtos/TARGET_CORTEX/rtx5/rtx_evr.o
                0x08002208                EvrRtxMutexDelete
 .text.EvrRtxMutexDestroyed
                0x0800220a        0x2 ./BUILD/NUCLEO_L432KC/GCC_ARM/mbed-os/rtos/TARGET_CORTEX/rtx5/rtx_evr.o
                0x0800220a                EvrRtxMutexDestroyed
 .text.EvrRtxSemaphoreAcquireTimeout
                0x0800220c        0x2 ./BUILD/NUCLEO_L432KC/GCC_ARM/mbed-os/rtos/TARGET_CORTEX/rtx5/rtx_evr.o
                0x0800220c                EvrRtxSemaphoreAcquireTimeout
 .text.EvrRtxMemoryPoolAllocTimeout
                0x0800220e        0x2 ./BUILD/NUCLEO_L432KC/GCC_ARM/mbed-os/rtos/TARGET_CORTEX/rtx5/rtx_evr.o
                0x0800220e                EvrRtxMemoryPoolAllocTimeout
 .text.EvrRtxMessageQueueError
                0x08002210        0x2 ./BUILD/NUCLEO_L432KC/GCC_ARM/mbed-os/rtos/TARGET_CORTEX/rtx5/rtx_evr.o
                0x08002210                EvrRtxMessageQueueError
 .text.EvrRtxMessageQueueNew
                0x08002212        0x2 ./BUILD/NUCLEO_L432KC/GCC_ARM/mbed-os/rtos/TARGET_CORTEX/rtx5/rtx_evr.o
                0x08002212                EvrRtxMessageQueueNew
 .text.EvrRtxMessageQueueCreated
                0x08002214        0x2 ./BUILD/NUCLEO_L432KC/GCC_ARM/mbed-os/rtos/TARGET_CORTEX/rtx5/rtx_evr.o
                0x08002214                EvrRtxMessageQueueCreated
 .text.EvrRtxMessageQueuePut
                0x08002216        0x2 ./BUILD/NUCLEO_L432KC/GCC_ARM/mbed-os/rtos/TARGET_CORTEX/rtx5/rtx_evr.o
                0x08002216                EvrRtxMessageQueuePut
 .text.EvrRtxMessageQueuePutPending
                0x08002218        0x2 ./BUILD/NUCLEO_L432KC/GCC_ARM/mbed-os/rtos/TARGET_CORTEX/rtx5/rtx_evr.o
                0x08002218                EvrRtxMessageQueuePutPending
 .text.EvrRtxMessageQueuePutTimeout
                0x0800221a        0x2 ./BUILD/NUCLEO_L432KC/GCC_ARM/mbed-os/rtos/TARGET_CORTEX/rtx5/rtx_evr.o
                0x0800221a                EvrRtxMessageQueuePutTimeout
 .text.EvrRtxMessageQueueInsertPending
                0x0800221c        0x2 ./BUILD/NUCLEO_L432KC/GCC_ARM/mbed-os/rtos/TARGET_CORTEX/rtx5/rtx_evr.o
                0x0800221c                EvrRtxMessageQueueInsertPending
 .text.EvrRtxMessageQueueInserted
                0x0800221e        0x2 ./BUILD/NUCLEO_L432KC/GCC_ARM/mbed-os/rtos/TARGET_CORTEX/rtx5/rtx_evr.o
                0x0800221e                EvrRtxMessageQueueInserted
 .text.EvrRtxMessageQueueNotInserted
                0x08002220        0x2 ./BUILD/NUCLEO_L432KC/GCC_ARM/mbed-os/rtos/TARGET_CORTEX/rtx5/rtx_evr.o
                0x08002220                EvrRtxMessageQueueNotInserted
 .text.EvrRtxMessageQueueGet
                0x08002222        0x2 ./BUILD/NUCLEO_L432KC/GCC_ARM/mbed-os/rtos/TARGET_CORTEX/rtx5/rtx_evr.o
                0x08002222                EvrRtxMessageQueueGet
 .text.EvrRtxMessageQueueGetPending
                0x08002224        0x2 ./BUILD/NUCLEO_L432KC/GCC_ARM/mbed-os/rtos/TARGET_CORTEX/rtx5/rtx_evr.o
                0x08002224                EvrRtxMessageQueueGetPending
 .text.EvrRtxMessageQueueGetTimeout
                0x08002226        0x2 ./BUILD/NUCLEO_L432KC/GCC_ARM/mbed-os/rtos/TARGET_CORTEX/rtx5/rtx_evr.o
                0x08002226                EvrRtxMessageQueueGetTimeout
 .text.EvrRtxMessageQueueRetrieved
                0x08002228        0x2 ./BUILD/NUCLEO_L432KC/GCC_ARM/mbed-os/rtos/TARGET_CORTEX/rtx5/rtx_evr.o
                0x08002228                EvrRtxMessageQueueRetrieved
 .text.EvrRtxMessageQueueNotRetrieved
                0x0800222a        0x2 ./BUILD/NUCLEO_L432KC/GCC_ARM/mbed-os/rtos/TARGET_CORTEX/rtx5/rtx_evr.o
                0x0800222a                EvrRtxMessageQueueNotRetrieved
 .text.svcRtxKernelInitialize
                0x0800222c      0x19c ./BUILD/NUCLEO_L432KC/GCC_ARM/mbed-os/rtos/TARGET_CORTEX/rtx5/rtx_kernel.o
                0x0800222c                svcRtxKernelInitialize
 .text.svcRtxKernelGetState
                0x080023c8       0x14 ./BUILD/NUCLEO_L432KC/GCC_ARM/mbed-os/rtos/TARGET_CORTEX/rtx5/rtx_kernel.o
                0x080023c8                svcRtxKernelGetState
 .text.svcRtxKernelStart
                0x080023dc       0xc8 ./BUILD/NUCLEO_L432KC/GCC_ARM/mbed-os/rtos/TARGET_CORTEX/rtx5/rtx_kernel.o
                0x080023dc                svcRtxKernelStart
 .text.osKernelInitialize
                0x080024a4       0x54 ./BUILD/NUCLEO_L432KC/GCC_ARM/mbed-os/rtos/TARGET_CORTEX/rtx5/rtx_kernel.o
                0x080024a4                osKernelInitialize
 .text.osKernelGetState
                0x080024f8       0x40 ./BUILD/NUCLEO_L432KC/GCC_ARM/mbed-os/rtos/TARGET_CORTEX/rtx5/rtx_kernel.o
                0x080024f8                osKernelGetState
 .text.osKernelStart
                0x08002538       0x6c ./BUILD/NUCLEO_L432KC/GCC_ARM/mbed-os/rtos/TARGET_CORTEX/rtx5/rtx_kernel.o
                0x08002538                osKernelStart
 .text.osRtxMemoryInit
                0x080025a4       0x40 ./BUILD/NUCLEO_L432KC/GCC_ARM/mbed-os/rtos/TARGET_CORTEX/rtx5/rtx_memory.o
                0x080025a4                osRtxMemoryInit
 .text.osRtxMemoryAlloc
                0x080025e4       0x6c ./BUILD/NUCLEO_L432KC/GCC_ARM/mbed-os/rtos/TARGET_CORTEX/rtx5/rtx_memory.o
                0x080025e4                osRtxMemoryAlloc
 .text.osRtxMemoryFree
                0x08002650       0x4a ./BUILD/NUCLEO_L432KC/GCC_ARM/mbed-os/rtos/TARGET_CORTEX/rtx5/rtx_memory.o
                0x08002650                osRtxMemoryFree
 .text.osRtxMemoryPoolInit
                0x0800269a       0x64 ./BUILD/NUCLEO_L432KC/GCC_ARM/mbed-os/rtos/TARGET_CORTEX/rtx5/rtx_mempool.o
                0x0800269a                osRtxMemoryPoolInit
 .text.osRtxMemoryPoolAlloc
                0x080026fe       0x5e ./BUILD/NUCLEO_L432KC/GCC_ARM/mbed-os/rtos/TARGET_CORTEX/rtx5/rtx_mempool.o
                0x080026fe                osRtxMemoryPoolAlloc
 .text.osRtxMemoryPoolFree
                0x0800275c       0x68 ./BUILD/NUCLEO_L432KC/GCC_ARM/mbed-os/rtos/TARGET_CORTEX/rtx5/rtx_mempool.o
                0x0800275c                osRtxMemoryPoolFree
 .text.MessageQueuePut
                0x080027c4       0x4a ./BUILD/NUCLEO_L432KC/GCC_ARM/mbed-os/rtos/TARGET_CORTEX/rtx5/rtx_msgqueue.o
 .text.MessageQueueRemove
                0x0800280e       0x18 ./BUILD/NUCLEO_L432KC/GCC_ARM/mbed-os/rtos/TARGET_CORTEX/rtx5/rtx_msgqueue.o
 *fill*         0x08002826        0x2 
 .text.svcRtxMessageQueueNew
                0x08002828      0x144 ./BUILD/NUCLEO_L432KC/GCC_ARM/mbed-os/rtos/TARGET_CORTEX/rtx5/rtx_msgqueue.o
                0x08002828                svcRtxMessageQueueNew
 .text.svcRtxMessageQueuePut
                0x0800296c       0xfc ./BUILD/NUCLEO_L432KC/GCC_ARM/mbed-os/rtos/TARGET_CORTEX/rtx5/rtx_msgqueue.o
                0x0800296c                svcRtxMessageQueuePut
 .text.osRtxMessageQueuePostProcess
                0x08002a68      0x102 ./BUILD/NUCLEO_L432KC/GCC_ARM/mbed-os/rtos/TARGET_CORTEX/rtx5/rtx_msgqueue.o
                0x08002a68                osRtxMessageQueuePostProcess
 .text.MessageQueueGet
                0x08002b6a       0x44 ./BUILD/NUCLEO_L432KC/GCC_ARM/mbed-os/rtos/TARGET_CORTEX/rtx5/rtx_msgqueue.o
 *fill*         0x08002bae        0x2 
 .text.svcRtxMessageQueueGet
                0x08002bb0      0x11c ./BUILD/NUCLEO_L432KC/GCC_ARM/mbed-os/rtos/TARGET_CORTEX/rtx5/rtx_msgqueue.o
                0x08002bb0                svcRtxMessageQueueGet
 .text.osMessageQueueNew
                0x08002ccc       0x60 ./BUILD/NUCLEO_L432KC/GCC_ARM/mbed-os/rtos/TARGET_CORTEX/rtx5/rtx_msgqueue.o
                0x08002ccc                osMessageQueueNew
 .text.osMessageQueuePut
                0x08002d2c       0xb4 ./BUILD/NUCLEO_L432KC/GCC_ARM/mbed-os/rtos/TARGET_CORTEX/rtx5/rtx_msgqueue.o
                0x08002d2c                osMessageQueuePut
 .text.osMessageQueueGet
                0x08002de0       0xa0 ./BUILD/NUCLEO_L432KC/GCC_ARM/mbed-os/rtos/TARGET_CORTEX/rtx5/rtx_msgqueue.o
                0x08002de0                osMessageQueueGet
 .text.svcRtxMutexNew
                0x08002e80       0x84 ./BUILD/NUCLEO_L432KC/GCC_ARM/mbed-os/rtos/TARGET_CORTEX/rtx5/rtx_mutex.o
                0x08002e80                svcRtxMutexNew
 .text.svcRtxMutexAcquire
                0x08002f04       0xcc ./BUILD/NUCLEO_L432KC/GCC_ARM/mbed-os/rtos/TARGET_CORTEX/rtx5/rtx_mutex.o
                0x08002f04                svcRtxMutexAcquire
 .text.svcRtxMutexRelease
                0x08002fd0       0xd8 ./BUILD/NUCLEO_L432KC/GCC_ARM/mbed-os/rtos/TARGET_CORTEX/rtx5/rtx_mutex.o
                0x08002fd0                svcRtxMutexRelease
 .text.svcRtxMutexDelete
                0x080030a8       0xc4 ./BUILD/NUCLEO_L432KC/GCC_ARM/mbed-os/rtos/TARGET_CORTEX/rtx5/rtx_mutex.o
                0x080030a8                svcRtxMutexDelete
 .text.osRtxMutexOwnerRelease
                0x0800316c       0x50 ./BUILD/NUCLEO_L432KC/GCC_ARM/mbed-os/rtos/TARGET_CORTEX/rtx5/rtx_mutex.o
                0x0800316c                osRtxMutexOwnerRelease
 .text.osMutexNew
                0x080031bc       0x58 ./BUILD/NUCLEO_L432KC/GCC_ARM/mbed-os/rtos/TARGET_CORTEX/rtx5/rtx_mutex.o
                0x080031bc                osMutexNew
 .text.osMutexAcquire
                0x08003214       0x3c ./BUILD/NUCLEO_L432KC/GCC_ARM/mbed-os/rtos/TARGET_CORTEX/rtx5/rtx_mutex.o
                0x08003214                osMutexAcquire
 .text.osMutexRelease
                0x08003250       0x38 ./BUILD/NUCLEO_L432KC/GCC_ARM/mbed-os/rtos/TARGET_CORTEX/rtx5/rtx_mutex.o
                0x08003250                osMutexRelease
 .text.osMutexDelete
                0x08003288       0x38 ./BUILD/NUCLEO_L432KC/GCC_ARM/mbed-os/rtos/TARGET_CORTEX/rtx5/rtx_mutex.o
                0x08003288                osMutexDelete
 .text.atomic_inc16_lim
                0x080032c0       0x1a ./BUILD/NUCLEO_L432KC/GCC_ARM/mbed-os/rtos/TARGET_CORTEX/rtx5/rtx_system.o
 *fill*         0x080032da        0x2 
 .text.osRtxPendSV_Handler
                0x080032dc       0x8c ./BUILD/NUCLEO_L432KC/GCC_ARM/mbed-os/rtos/TARGET_CORTEX/rtx5/rtx_system.o
                0x080032dc                osRtxPendSV_Handler
 .text.osRtxPostProcess
                0x08003368       0x64 ./BUILD/NUCLEO_L432KC/GCC_ARM/mbed-os/rtos/TARGET_CORTEX/rtx5/rtx_system.o
                0x08003368                osRtxPostProcess
 .text.osRtxSysTimerSetup
                0x080033cc       0x34 ./BUILD/NUCLEO_L432KC/GCC_ARM/mbed-os/rtos/TARGET_CORTEX/rtx5/rtx_system.o
                0x080033cc                osRtxSysTimerSetup
 .text.osRtxSysTimerEnable
                0x08003400        0xc ./BUILD/NUCLEO_L432KC/GCC_ARM/mbed-os/rtos/TARGET_CORTEX/rtx5/rtx_system.o
                0x08003400                osRtxSysTimerEnable
 .text.osRtxSysTimerAckIRQ
                0x0800340c        0xc ./BUILD/NUCLEO_L432KC/GCC_ARM/mbed-os/rtos/TARGET_CORTEX/rtx5/rtx_system.o
                0x0800340c                osRtxSysTimerAckIRQ
 .text.osRtxTick_Handler
                0x08003418       0x80 ./BUILD/NUCLEO_L432KC/GCC_ARM/mbed-os/rtos/TARGET_CORTEX/rtx5/rtx_system.o
                0x08003418                osRtxTick_Handler
 .text.svcRtxThreadGetId
                0x08003498       0x14 ./BUILD/NUCLEO_L432KC/GCC_ARM/mbed-os/rtos/TARGET_CORTEX/rtx5/rtx_thread.o
                0x08003498                svcRtxThreadGetId
 .text.osThreadExit
                0x080034ac       0x1c ./BUILD/NUCLEO_L432KC/GCC_ARM/mbed-os/rtos/TARGET_CORTEX/rtx5/rtx_thread.o
                0x080034ac                osThreadExit
 .text.ThreadFlagsCheck
                0x080034c8       0x6a ./BUILD/NUCLEO_L432KC/GCC_ARM/mbed-os/rtos/TARGET_CORTEX/rtx5/rtx_thread.o
 *fill*         0x08003532        0x2 
 .text.osRtxThreadFree
                0x08003534       0x54 ./BUILD/NUCLEO_L432KC/GCC_ARM/mbed-os/rtos/TARGET_CORTEX/rtx5/rtx_thread.o
 .text.svcRtxThreadGetName
                0x08003588       0x28 ./BUILD/NUCLEO_L432KC/GCC_ARM/mbed-os/rtos/TARGET_CORTEX/rtx5/rtx_thread.o
                0x08003588                svcRtxThreadGetName
 .text.osRtxThreadDelayInsert.part.7
                0x080035b0       0x24 ./BUILD/NUCLEO_L432KC/GCC_ARM/mbed-os/rtos/TARGET_CORTEX/rtx5/rtx_thread.o
 .text.osRtxThreadListPut
                0x080035d4       0x26 ./BUILD/NUCLEO_L432KC/GCC_ARM/mbed-os/rtos/TARGET_CORTEX/rtx5/rtx_thread.o
                0x080035d4                osRtxThreadListPut
 .text.osRtxThreadListGet
                0x080035fa       0x14 ./BUILD/NUCLEO_L432KC/GCC_ARM/mbed-os/rtos/TARGET_CORTEX/rtx5/rtx_thread.o
                0x080035fa                osRtxThreadListGet
 .text.osRtxThreadListRoot
                0x0800360e        0xe ./BUILD/NUCLEO_L432KC/GCC_ARM/mbed-os/rtos/TARGET_CORTEX/rtx5/rtx_thread.o
                0x0800360e                osRtxThreadListRoot
 .text.osRtxThreadListRemove
                0x0800361c       0x14 ./BUILD/NUCLEO_L432KC/GCC_ARM/mbed-os/rtos/TARGET_CORTEX/rtx5/rtx_thread.o
                0x0800361c                osRtxThreadListRemove
 .text.osRtxThreadListSort
                0x08003630       0x24 ./BUILD/NUCLEO_L432KC/GCC_ARM/mbed-os/rtos/TARGET_CORTEX/rtx5/rtx_thread.o
                0x08003630                osRtxThreadListSort
 .text.osRtxThreadReadyPut
                0x08003654       0x10 ./BUILD/NUCLEO_L432KC/GCC_ARM/mbed-os/rtos/TARGET_CORTEX/rtx5/rtx_thread.o
                0x08003654                osRtxThreadReadyPut
 .text.osRtxThreadDelayInsert
                0x08003664       0x48 ./BUILD/NUCLEO_L432KC/GCC_ARM/mbed-os/rtos/TARGET_CORTEX/rtx5/rtx_thread.o
                0x08003664                osRtxThreadDelayInsert
 .text.osRtxThreadDelayRemove
                0x080036ac       0x50 ./BUILD/NUCLEO_L432KC/GCC_ARM/mbed-os/rtos/TARGET_CORTEX/rtx5/rtx_thread.o
                0x080036ac                osRtxThreadDelayRemove
 .text.osRtxThreadRegPtr
                0x080036fc       0x12 ./BUILD/NUCLEO_L432KC/GCC_ARM/mbed-os/rtos/TARGET_CORTEX/rtx5/rtx_thread.o
                0x080036fc                osRtxThreadRegPtr
 *fill*         0x0800370e        0x2 
 .text.osRtxThreadDelayTick
                0x08003710       0xc0 ./BUILD/NUCLEO_L432KC/GCC_ARM/mbed-os/rtos/TARGET_CORTEX/rtx5/rtx_thread.o
                0x08003710                osRtxThreadDelayTick
 .text.osRtxThreadBlock
                0x080037d0       0x30 ./BUILD/NUCLEO_L432KC/GCC_ARM/mbed-os/rtos/TARGET_CORTEX/rtx5/rtx_thread.o
                0x080037d0                osRtxThreadBlock
 .text.thread_switch_helper
                0x08003800       0x1c ./BUILD/NUCLEO_L432KC/GCC_ARM/mbed-os/rtos/TARGET_CORTEX/rtx5/rtx_thread.o
                0x08003800                thread_switch_helper
 .text.osRtxThreadStackCheck
                0x0800381c       0x28 ./BUILD/NUCLEO_L432KC/GCC_ARM/mbed-os/rtos/TARGET_CORTEX/rtx5/rtx_thread.o
                0x0800381c                osRtxThreadStackCheck
 .text.osRtxThreadSwitch
                0x08003844       0x20 ./BUILD/NUCLEO_L432KC/GCC_ARM/mbed-os/rtos/TARGET_CORTEX/rtx5/rtx_thread.o
                0x08003844                osRtxThreadSwitch
 .text.osRtxThreadDispatch
                0x08003864       0x5c ./BUILD/NUCLEO_L432KC/GCC_ARM/mbed-os/rtos/TARGET_CORTEX/rtx5/rtx_thread.o
                0x08003864                osRtxThreadDispatch
 .text.osRtxThreadWaitExit
                0x080038c0       0x2e ./BUILD/NUCLEO_L432KC/GCC_ARM/mbed-os/rtos/TARGET_CORTEX/rtx5/rtx_thread.o
                0x080038c0                osRtxThreadWaitExit
 .text.osRtxThreadPostProcess
                0x080038ee       0x34 ./BUILD/NUCLEO_L432KC/GCC_ARM/mbed-os/rtos/TARGET_CORTEX/rtx5/rtx_thread.o
                0x080038ee                osRtxThreadPostProcess
 *fill*         0x08003922        0x2 
 .text.svcRtxThreadNew
                0x08003924      0x204 ./BUILD/NUCLEO_L432KC/GCC_ARM/mbed-os/rtos/TARGET_CORTEX/rtx5/rtx_thread.o
                0x08003924                svcRtxThreadNew
 .text.osRtxThreadWaitEnter
                0x08003b28       0x48 ./BUILD/NUCLEO_L432KC/GCC_ARM/mbed-os/rtos/TARGET_CORTEX/rtx5/rtx_thread.o
                0x08003b28                osRtxThreadWaitEnter
 .text.svcRtxThreadExit
                0x08003b70       0x78 ./BUILD/NUCLEO_L432KC/GCC_ARM/mbed-os/rtos/TARGET_CORTEX/rtx5/rtx_thread.o
                0x08003b70                svcRtxThreadExit
 .text.osThreadContextNew
                0x08003be8       0x64 ./BUILD/NUCLEO_L432KC/GCC_ARM/mbed-os/rtos/TARGET_CORTEX/rtx5/rtx_thread.o
                0x08003be8                osThreadContextNew
 .text.osThreadNew
                0x08003c4c        0x6 ./BUILD/NUCLEO_L432KC/GCC_ARM/mbed-os/rtos/TARGET_CORTEX/rtx5/rtx_thread.o
                0x08003c4c                osThreadNew
 *fill*         0x08003c52        0x2 
 .text.osThreadGetName
                0x08003c54       0x30 ./BUILD/NUCLEO_L432KC/GCC_ARM/mbed-os/rtos/TARGET_CORTEX/rtx5/rtx_thread.o
                0x08003c54                osThreadGetName
 .text.osThreadGetId
                0x08003c84       0x2c ./BUILD/NUCLEO_L432KC/GCC_ARM/mbed-os/rtos/TARGET_CORTEX/rtx5/rtx_thread.o
                0x08003c84                osThreadGetId
 .text.TimerInsert
                0x08003cb0       0x38 ./BUILD/NUCLEO_L432KC/GCC_ARM/mbed-os/rtos/TARGET_CORTEX/rtx5/rtx_timer.o
 .text.osRtxTimerTick
                0x08003ce8       0x54 ./BUILD/NUCLEO_L432KC/GCC_ARM/mbed-os/rtos/TARGET_CORTEX/rtx5/rtx_timer.o
                0x08003ce8                osRtxTimerTick
 .text.osRtxTimerThread
                0x08003d3c       0x4c ./BUILD/NUCLEO_L432KC/GCC_ARM/mbed-os/rtos/TARGET_CORTEX/rtx5/rtx_timer.o
                0x08003d3c                osRtxTimerThread
 .text.thread_terminate_hook
                0x08003d88       0x10 ./BUILD/NUCLEO_L432KC/GCC_ARM/mbed-os/rtos/Thread.o
                0x08003d88                thread_terminate_hook
 .text._ZN4rtos6Thread4waitEm
                0x08003d98        0x4 ./BUILD/NUCLEO_L432KC/GCC_ARM/mbed-os/rtos/Thread.o
                0x08003d98                rtos::Thread::wait(unsigned long)
 .text.SystemInit
                0x08003d9c       0x48 ./BUILD/NUCLEO_L432KC/GCC_ARM/mbed-os/targets/TARGET_STM/TARGET_STM32L4/TARGET_STM32L432xC/TARGET_NUCLEO_L432KC/system_clock.o
                0x08003d9c                SystemInit
 .text.SetSysClock_PLL_MSI
                0x08003de4       0xb8 ./BUILD/NUCLEO_L432KC/GCC_ARM/mbed-os/targets/TARGET_STM/TARGET_STM32L4/TARGET_STM32L432xC/TARGET_NUCLEO_L432KC/system_clock.o
                0x08003de4                SetSysClock_PLL_MSI
 .text.SetSysClock
                0x08003e9c        0xc ./BUILD/NUCLEO_L432KC/GCC_ARM/mbed-os/targets/TARGET_STM/TARGET_STM32L4/TARGET_STM32L432xC/TARGET_NUCLEO_L432KC/system_clock.o
                0x08003e9c                SetSysClock
 .text.Reset_Handler
                0x08003ea8       0x38 ./BUILD/NUCLEO_L432KC/GCC_ARM/mbed-os/targets/TARGET_STM/TARGET_STM32L4/TARGET_STM32L432xC/device/TOOLCHAIN_GCC_ARM/startup_stm32l432xx.o
                0x08003ea8                Reset_Handler
 .text.Default_Handler
                0x08003ee0        0x2 ./BUILD/NUCLEO_L432KC/GCC_ARM/mbed-os/targets/TARGET_STM/TARGET_STM32L4/TARGET_STM32L432xC/device/TOOLCHAIN_GCC_ARM/startup_stm32l432xx.o
                0x08003ee0                RTC_Alarm_IRQHandler
                0x08003ee0                EXTI2_IRQHandler
                0x08003ee0                DebugMon_Handler
                0x08003ee0                TIM1_CC_IRQHandler
                0x08003ee0                TSC_IRQHandler
                0x08003ee0                HardFault_Handler
                0x08003ee0                TAMP_STAMP_IRQHandler
                0x08003ee0                NMI_Handler
                0x08003ee0                EXTI3_IRQHandler
                0x08003ee0                LPTIM2_IRQHandler
                0x08003ee0                I2C3_ER_IRQHandler
                0x08003ee0                EXTI0_IRQHandler
                0x08003ee0                FPU_IRQHandler
                0x08003ee0                TIM1_UP_TIM16_IRQHandler
                0x08003ee0                UsageFault_Handler
                0x08003ee0                SPI1_IRQHandler
                0x08003ee0                TIM6_DAC_IRQHandler
                0x08003ee0                DMA2_Channel2_IRQHandler
                0x08003ee0                DMA1_Channel4_IRQHandler
                0x08003ee0                ADC1_IRQHandler
                0x08003ee0                DMA1_Channel7_IRQHandler
                0x08003ee0                CAN1_RX1_IRQHandler
                0x08003ee0                DMA2_Channel1_IRQHandler
                0x08003ee0                QUADSPI_IRQHandler
                0x08003ee0                I2C1_EV_IRQHandler
                0x08003ee0                DMA1_Channel6_IRQHandler
                0x08003ee0                DMA2_Channel4_IRQHandler
                0x08003ee0                RCC_IRQHandler